[2026-03-13T23:05:28.018325-05:00] ENV_FILE_LOADED path=.env keys=16
[2026-03-13T23:05:28.019178-05:00] RUN_START pid=951463 resume=0
[2026-03-13T23:05:28.571748-05:00] STEP_START name=preflight required=1
[2026-03-13T23:05:28.571984-05:00] STEP_SUBPHASE_START name=preflight idx=1/3 cmd=/home/eigenlinux/miniforge3/envs/rapids/bin/python -c 'import cuopt, cuml, cupy; print('"'"'rapids_ok'"'"')'
[2026-03-13T23:05:31.074417-05:00] STEP_SUBPHASE_END name=preflight idx=1/3 ec=0
[2026-03-13T23:05:31.074516-05:00] STEP_SUBPHASE_START name=preflight idx=2/3 cmd=python -m pytest -q tests/test_docs tests/test_streamlit/test_page_imports.py tests/test_config_consistency.py
[2026-03-13T23:05:33.076438-05:00] STEP_SUBPHASE_END name=preflight idx=2/3 ec=0
[2026-03-13T23:05:33.076554-05:00] STEP_SUBPHASE_START name=preflight idx=3/3 cmd=python scripts/run_comparison.py snapshot --run-tag paper-grade-2026-03-13-final-heavy-2026-03-13-230650
[2026-03-13T23:05:36.578854-05:00] STEP_SUBPHASE_END name=preflight idx=3/3 ec=0
[2026-03-13T23:05:36.579244-05:00] STEP_END name=preflight ec=0 duration_s=8.0
[2026-03-13T23:05:36.579507-05:00] STEP_START name=main_pre required=1
[2026-03-13T23:05:36.579797-05:00] STEP_SUBPHASE_START name=main_pre idx=1/7 cmd=scripts/cleanup_optuna_stale_trials.py
[2026-03-13T23:05:37.081846-05:00] STEP_SUBPHASE_END name=main_pre idx=1/7 ec=0
[2026-03-13T23:05:37.081947-05:00] STEP_SUBPHASE_START name=main_pre idx=2/7 cmd=scripts/train_pd_model.py
[2026-03-15T04:27:00.936241-05:00] STEP_SUBPHASE_END name=main_pre idx=2/7 ec=0
[2026-03-15T04:27:00.936862-05:00] STEP_SUBPHASE_START name=main_pre idx=3/7 cmd=scripts/generate_conformal_intervals.py
[2026-03-15T04:27:02.941518-05:00] STEP_SUBPHASE_END name=main_pre idx=3/7 ec=1
[2026-03-15T04:27:02.942445-05:00] STEP_END name=main_pre ec=1 duration_s=105686.4
[2026-03-15T04:27:02.942751-05:00] RUN_ABORT required_step_failed=main_pre
[2026-03-15T04:27:02.943610-05:00] RUN_END final_ec=1 failed_steps=['main_pre']
[2026-03-15T11:07:25.373672-05:00] ENV_FILE_LOADED path=.env keys=16
[2026-03-15T11:07:25.374418-05:00] RUN_START pid=1471859 resume=1
[2026-03-15T11:07:25.937293-05:00] STEP_SKIPPED name=preflight reason=resume_completed_ok_external_comparison_baseline
[2026-03-15T11:07:25.937678-05:00] STEP_START name=main_pre required=1
[2026-03-15T11:07:25.937929-05:00] STEP_SUBPHASE_RESUME name=main_pre completed=2/7
[2026-03-15T11:07:25.938107-05:00] STEP_SUBPHASE_SKIPPED name=main_pre idx=1/7 reason=resume_completed_ok
[2026-03-15T11:07:25.938206-05:00] STEP_SUBPHASE_SKIPPED name=main_pre idx=2/7 reason=resume_completed_ok
[2026-03-15T11:07:25.938297-05:00] STEP_SUBPHASE_START name=main_pre idx=3/7 cmd=scripts/generate_conformal_intervals.py
[2026-03-15T11:09:19.796058-05:00] STEP_SUBPHASE_END name=main_pre idx=3/7 ec=0
[2026-03-15T11:09:19.796206-05:00] STEP_SUBPHASE_START name=main_pre idx=4/7 cmd=scripts/benchmark_conformal_variants.py
[2026-03-15T11:09:40.973810-05:00] STEP_SUBPHASE_END name=main_pre idx=4/7 ec=0
[2026-03-15T11:09:40.973954-05:00] STEP_SUBPHASE_START name=main_pre idx=5/7 cmd=scripts/backtest_conformal_coverage.py
[2026-03-15T11:09:42.475926-05:00] STEP_SUBPHASE_END name=main_pre idx=5/7 ec=0
[2026-03-15T11:09:42.476052-05:00] STEP_SUBPHASE_START name=main_pre idx=6/7 cmd=scripts/validate_conformal_policy.py
[2026-03-15T11:09:43.981433-05:00] STEP_SUBPHASE_END name=main_pre idx=6/7 ec=0
[2026-03-15T11:09:43.981590-05:00] STEP_SUBPHASE_START name=main_pre idx=7/7 cmd=scripts/forecast_default_rates.py
[2026-03-15T11:11:42.430082-05:00] STEP_SUBPHASE_END name=main_pre idx=7/7 ec=0
[2026-03-15T11:11:42.430631-05:00] STEP_END name=main_pre ec=0 duration_s=256.5
[2026-03-15T11:11:42.431085-05:00] STEP_START name=heavy_main required=0
[2026-03-15T11:11:42.431384-05:00] STEP_SUBPHASE_START name=heavy_main idx=1/8 cmd=scripts/ensure_memory_headroom.py
[2026-03-15T11:11:42.933141-05:00] STEP_SUBPHASE_END name=heavy_main idx=1/8 ec=0
[2026-03-15T11:11:42.933253-05:00] STEP_SUBPHASE_START name=heavy_main idx=2/8 cmd=scripts/run_survival_analysis.py
[2026-03-15T11:27:13.221744-05:00] STEP_STALL_WARNING name=heavy_main no_log_output_for_s=901
[2026-03-15T17:19:43.958984-05:00] ENV_FILE_LOADED path=.env keys=16
[2026-03-15T17:19:43.959381-05:00] RUN_START pid=7567 resume=1
[2026-03-15T17:19:44.558763-05:00] STEP_START name=heavy_main required=0
[2026-03-15T17:19:44.559113-05:00] STEP_SUBPHASE_START name=heavy_main idx=1/8 cmd=scripts/ensure_memory_headroom.py
[2026-03-15T17:19:45.061081-05:00] STEP_SUBPHASE_END name=heavy_main idx=1/8 ec=0
[2026-03-15T17:19:45.061209-05:00] STEP_SUBPHASE_START name=heavy_main idx=2/8 cmd=scripts/run_survival_analysis.py
[2026-03-15T17:35:14.649456-05:00] STEP_STALL_WARNING name=heavy_main no_log_output_for_s=902
[2026-03-15T17:44:02.781528-05:00] STEP_SUBPHASE_END name=heavy_main idx=2/8 ec=0
[2026-03-15T17:44:02.781660-05:00] STEP_SUBPHASE_START name=heavy_main idx=3/8 cmd=scripts/train_lgd_ead.py
[2026-03-15T17:45:30.848474-05:00] STEP_SUBPHASE_END name=heavy_main idx=3/8 ec=0
[2026-03-15T17:45:30.848616-05:00] STEP_SUBPHASE_START name=heavy_main idx=4/8 cmd=/home/eigenlinux/miniforge3/envs/rapids/bin/python -u -m scripts.optimize_portfolio --config configs/optimization.yaml -
[2026-03-15T17:45:40.109307-05:00] STEP_SUBPHASE_END name=heavy_main idx=4/8 ec=0
[2026-03-15T17:45:40.109422-05:00] STEP_SUBPHASE_START name=heavy_main idx=5/8 cmd=/home/eigenlinux/miniforge3/envs/rapids/bin/python -u -m scripts.optimize_portfolio_tradeoff --config configs/optimizati
[2026-03-15T20:42:57.479580-05:00] STEP_SUBPHASE_END name=heavy_main idx=5/8 ec=0
[2026-03-15T20:42:57.479917-05:00] STEP_SUBPHASE_START name=heavy_main idx=6/8 cmd=/home/eigenlinux/miniforge3/envs/rapids/bin/python -u -m scripts.select_economic_portfolio_policy --config configs/optim
[2026-03-15T23:36:43.130362-05:00] STEP_SUBPHASE_END name=heavy_main idx=6/8 ec=0
[2026-03-15T23:36:43.130690-05:00] STEP_SUBPHASE_START name=heavy_main idx=7/8 cmd=/home/eigenlinux/miniforge3/envs/rapids/bin/python -u -m scripts.simulate_ab_test --max_portfolio_pd 0.18 --max_candidat
[2026-03-15T23:37:31.994701-05:00] STEP_SUBPHASE_END name=heavy_main idx=7/8 ec=0
[2026-03-15T23:37:31.994899-05:00] STEP_SUBPHASE_START name=heavy_main idx=8/8 cmd=scripts/log_mlflow_experiment_suite.py
[2026-03-15T23:41:27.636587-05:00] STEP_SUBPHASE_END name=heavy_main idx=8/8 ec=0
[2026-03-15T23:41:27.637125-05:00] STEP_END name=heavy_main ec=0 duration_s=22903.1
[2026-03-15T23:41:27.637799-05:00] STEP_START name=causal required=0
[2026-03-15T23:41:27.638088-05:00] STEP_SUBPHASE_START name=causal idx=1/2 cmd=scripts/ensure_memory_headroom.py
[2026-03-15T23:41:28.139769-05:00] STEP_SUBPHASE_END name=causal idx=1/2 ec=0
[2026-03-15T23:41:28.139897-05:00] STEP_SUBPHASE_START name=causal idx=2/2 cmd=bash scripts/causal/run_causal_pipeline.sh --treatment int_rate --sample_size 0 --run_tag paper-grade-2026-03-13-final-h
[2026-03-15T23:41:30.641975-05:00] STEP_SUBPHASE_END name=causal idx=2/2 ec=1
[2026-03-15T23:41:30.642509-05:00] STEP_END name=causal ec=1 duration_s=3.0
[2026-03-15T23:41:30.642843-05:00] STEP_START name=cate_portfolio required=0
[2026-03-15T23:41:30.643066-05:00] STEP_SUBPHASE_START name=cate_portfolio idx=1/2 cmd=uv run python -u scripts/ensure_memory_headroom.py --label causal --min-mem-gb 8 --min-swap-gb 6 --min-total-headroom-gb
[2026-03-15T23:41:31.144914-05:00] STEP_SUBPHASE_END name=cate_portfolio idx=1/2 ec=0
[2026-03-15T23:41:31.145041-05:00] STEP_SUBPHASE_START name=cate_portfolio idx=2/2 cmd=/home/eigenlinux/miniforge3/envs/rapids/bin/python -u -m scripts.optimize_cate_portfolio --max_candidates 220000 --solve
[2026-03-15T23:41:40.148624-05:00] STEP_SUBPHASE_END name=cate_portfolio idx=2/2 ec=1
[2026-03-15T23:41:40.149156-05:00] STEP_END name=cate_portfolio ec=1 duration_s=9.5
[2026-03-15T23:41:40.149537-05:00] STEP_START name=post_core required=0
[2026-03-15T23:41:40.149859-05:00] STEP_SUBPHASE_START name=post_core idx=1/13 cmd=scripts/validate_conformal_policy.py
[2026-03-15T23:41:41.653268-05:00] STEP_SUBPHASE_END name=post_core idx=1/13 ec=0
[2026-03-15T23:41:41.653398-05:00] STEP_SUBPHASE_START name=post_core idx=2/13 cmd=scripts/run_ifrs9_sensitivity.py
[2026-03-15T23:41:48.158213-05:00] STEP_SUBPHASE_END name=post_core idx=2/13 ec=0
[2026-03-15T23:41:48.158329-05:00] STEP_SUBPHASE_START name=post_core idx=3/13 cmd=scripts/build_pipeline_results.py
[2026-03-15T23:41:49.660252-05:00] STEP_SUBPHASE_END name=post_core idx=3/13 ec=0
[2026-03-15T23:41:49.660386-05:00] STEP_SUBPHASE_START name=post_core idx=4/13 cmd=scripts/build_pd_challenger_artifacts.py
[2026-03-15T23:42:25.611132-05:00] STEP_SUBPHASE_END name=post_core idx=4/13 ec=0
[2026-03-15T23:42:25.611250-05:00] STEP_SUBPHASE_START name=post_core idx=5/13 cmd=scripts/run_fairness_audit.py
[2026-03-15T23:43:12.064931-05:00] STEP_SUBPHASE_END name=post_core idx=5/13 ec=0
[2026-03-15T23:43:12.065052-05:00] STEP_SUBPHASE_START name=post_core idx=6/13 cmd=scripts/generate_governance_status.py
[2026-03-15T23:43:25.075813-05:00] STEP_SUBPHASE_END name=post_core idx=6/13 ec=0
[2026-03-15T23:43:25.075936-05:00] STEP_SUBPHASE_START name=post_core idx=7/13 cmd=scripts/update_champion_registry.py
[2026-03-15T23:43:25.577691-05:00] STEP_SUBPHASE_END name=post_core idx=7/13 ec=0
[2026-03-15T23:43:25.577836-05:00] STEP_SUBPHASE_START name=post_core idx=8/13 cmd=scripts/build_champion_search_bundle.py
[2026-03-15T23:43:26.079558-05:00] STEP_SUBPHASE_END name=post_core idx=8/13 ec=0
[2026-03-15T23:43:26.079690-05:00] STEP_SUBPHASE_START name=post_core idx=9/13 cmd=scripts/generate_mrm_report.py
[2026-03-15T23:43:28.081569-05:00] STEP_SUBPHASE_END name=post_core idx=9/13 ec=0
[2026-03-15T23:43:28.081686-05:00] STEP_SUBPHASE_START name=post_core idx=10/13 cmd=scripts/export_streamlit_artifacts.py
[2026-03-15T23:44:33.019938-05:00] STEP_SUBPHASE_END name=post_core idx=10/13 ec=0
[2026-03-15T23:44:33.020135-05:00] STEP_SUBPHASE_START name=post_core idx=11/13 cmd=scripts/export_storytelling_snapshot.py
[2026-03-15T23:44:33.522493-05:00] STEP_SUBPHASE_END name=post_core idx=11/13 ec=0
[2026-03-15T23:44:33.522610-05:00] STEP_SUBPHASE_START name=post_core idx=12/13 cmd=scripts/export_dvc_metrics.py
[2026-03-15T23:44:35.026571-05:00] STEP_SUBPHASE_END name=post_core idx=12/13 ec=0
[2026-03-15T23:44:35.026691-05:00] STEP_SUBPHASE_START name=post_core idx=13/13 cmd=scripts/run_comparison.py
[2026-03-15T23:44:38.529001-05:00] STEP_SUBPHASE_END name=post_core idx=13/13 ec=0
[2026-03-15T23:44:38.529542-05:00] STEP_END name=post_core ec=0 duration_s=178.4
[2026-03-15T23:44:38.530126-05:00] STEP_START name=rapids required=0
[2026-03-15T23:44:38.530545-05:00] STEP_SUBPHASE_START name=rapids idx=1/3 cmd=uv run python -u scripts/ensure_memory_headroom.py --label rapids --min-mem-gb 6 --min-swap-gb 4 --min-total-headroom-gb
[2026-03-15T23:44:39.032456-05:00] STEP_SUBPHASE_END name=rapids idx=1/3 ec=0
[2026-03-15T23:44:39.032589-05:00] STEP_SUBPHASE_START name=rapids idx=2/3 cmd=scripts/side_projects/run_rapids_benchmarks.sh
[2026-03-15T23:47:06.976248-05:00] STEP_SUBPHASE_END name=rapids idx=2/3 ec=0
[2026-03-15T23:47:06.976409-05:00] STEP_SUBPHASE_START name=rapids idx=3/3 cmd=/home/eigenlinux/miniforge3/envs/rapids/bin/python -u scripts/run_ifrs9_monte_carlo_gpu.py --n-scenarios 16384 --chunk-s
[2026-03-15T23:51:36.294482-05:00] STEP_SUBPHASE_END name=rapids idx=3/3 ec=0
[2026-03-15T23:51:36.295060-05:00] STEP_END name=rapids ec=0 duration_s=417.8
[2026-03-15T23:51:36.295830-05:00] RUN_END final_ec=0 failed_steps=['causal', 'cate_portfolio']
