$ uv run python -u scripts/train_pd_model.py --config configs/pd_model.gpu.yaml --sample_size 0

2026-03-09 23:27:10.553 | INFO     | __main__:main:959 - Config loaded from configs/pd_model.gpu.yaml
2026-03-09 23:27:13.080 | INFO     | __main__:main:1016 - Feature source=feature_config | catboost_features=44 | logreg_features=34 | categorical=9
2026-03-09 23:27:13.660 | INFO     | src.models.pd_model:temporal_train_val_split:106 - Temporal split (issue_d): fit=1,144,364, val=201,947
/home/eigenlinux/projects/lending-club-risk-project/.venv/lib/python3.12/site-packages/sklearn/linear_model/_logistic.py:406: ConvergenceWarning: lbfgs failed to converge after 1000 iteration(s) (status=1):
STOP: TOTAL NO. OF ITERATIONS REACHED LIMIT

Increase the number of iterations to improve the convergence (max_iter=1000).
You might also want to scale the data as shown in:
    https://scikit-learn.org/stable/modules/preprocessing.html
Please also refer to the documentation for alternative solver options:
    https://scikit-learn.org/stable/modules/linear_model.html#logistic-regression
  n_iter_i = _check_optimize_result(
2026-03-09 23:29:19.676 | INFO     | src.models.pd_model:train_baseline:130 - Baseline LR — AUC: 0.6845
Default metric period is 5 because AUC is/are not implemented for GPU
0:	test: 0.6953887	best: 0.6953887 (0)	total: 154ms	remaining: 7m 40s
100:	test: 0.7090178	best: 0.7090178 (100)	total: 6.56s	remaining: 3m 8s
200:	test: 0.7127379	best: 0.7127379 (200)	total: 12.8s	remaining: 2m 58s
300:	test: 0.7144470	best: 0.7144470 (300)	total: 19.7s	remaining: 2m 56s
400:	test: 0.7155476	best: 0.7155477 (399)	total: 25.9s	remaining: 2m 47s
500:	test: 0.7163395	best: 0.7163395 (500)	total: 33.3s	remaining: 2m 45s
600:	test: 0.7169558	best: 0.7169558 (600)	total: 39.6s	remaining: 2m 38s
700:	test: 0.7174852	best: 0.7174852 (700)	total: 46.7s	remaining: 2m 33s
800:	test: 0.7178207	best: 0.7178207 (800)	total: 53.4s	remaining: 2m 26s
900:	test: 0.7180967	best: 0.7180967 (900)	total: 59.4s	remaining: 2m 18s
1000:	test: 0.7183502	best: 0.7183527 (998)	total: 1m 6s	remaining: 2m 12s
1100:	test: 0.7185619	best: 0.7185619 (1100)	total: 1m 12s	remaining: 2m 5s
1200:	test: 0.7187898	best: 0.7187902 (1198)	total: 1m 18s	remaining: 1m 58s
1300:	test: 0.7189609	best: 0.7189609 (1300)	total: 1m 25s	remaining: 1m 51s
1400:	test: 0.7191125	best: 0.7191125 (1400)	total: 1m 32s	remaining: 1m 45s
1500:	test: 0.7192199	best: 0.7192206 (1498)	total: 1m 38s	remaining: 1m 38s
1600:	test: 0.7193351	best: 0.7193351 (1600)	total: 1m 45s	remaining: 1m 31s
1700:	test: 0.7194285	best: 0.7194285 (1700)	total: 1m 52s	remaining: 1m 26s
1800:	test: 0.7194818	best: 0.7194818 (1800)	total: 1m 59s	remaining: 1m 19s
1900:	test: 0.7195485	best: 0.7195548 (1891)	total: 2m 5s	remaining: 1m 12s
2000:	test: 0.7196307	best: 0.7196352 (1996)	total: 2m 12s	remaining: 1m 5s
2100:	test: 0.7196876	best: 0.7196926 (2080)	total: 2m 18s	remaining: 59.2s
2200:	test: 0.7197473	best: 0.7197560 (2190)	total: 2m 25s	remaining: 52.9s
2300:	test: 0.7197781	best: 0.7197812 (2295)	total: 2m 31s	remaining: 46.1s
2400:	test: 0.7198726	best: 0.7198744 (2393)	total: 2m 38s	remaining: 39.5s
2500:	test: 0.7199171	best: 0.7199256 (2483)	total: 2m 45s	remaining: 33s
2600:	test: 0.7199731	best: 0.7199773 (2596)	total: 2m 52s	remaining: 26.4s
2700:	test: 0.7200151	best: 0.7200155 (2697)	total: 2m 58s	remaining: 19.7s
2800:	test: 0.7200639	best: 0.7200653 (2792)	total: 3m 4s	remaining: 13.1s
2900:	test: 0.7200796	best: 0.7200902 (2840)	total: 3m 10s	remaining: 6.51s
bestTest = 0.7200902104
bestIteration = 2840
Shrink model to first 2841 iterations.
2026-03-09 23:32:45.144 | INFO     | src.models.pd_model:train_catboost_default:184 - CatBoost default — val_AUC: 0.7201, best_iter: 2840
Default metric period is 5 because AUC is/are not implemented for GPU
0:	test: 0.6953887	best: 0.6953887 (0)	total: 61.8ms	remaining: 3m 5s
100:	test: 0.7090611	best: 0.7090611 (100)	total: 6.18s	remaining: 2m 57s
200:	test: 0.7126818	best: 0.7126818 (200)	total: 12.7s	remaining: 2m 57s
300:	test: 0.7143984	best: 0.7143984 (300)	total: 19.2s	remaining: 2m 51s
400:	test: 0.7154881	best: 0.7154886 (399)	total: 25.2s	remaining: 2m 43s
500:	test: 0.7163143	best: 0.7163143 (500)	total: 32.8s	remaining: 2m 43s
600:	test: 0.7169209	best: 0.7169209 (600)	total: 39.3s	remaining: 2m 36s
700:	test: 0.7174421	best: 0.7174421 (700)	total: 46.8s	remaining: 2m 33s
800:	test: 0.7177464	best: 0.7177464 (800)	total: 53.3s	remaining: 2m 26s
900:	test: 0.7180692	best: 0.7180692 (900)	total: 1m	remaining: 2m 19s
1000:	test: 0.7183143	best: 0.7183143 (1000)	total: 1m 6s	remaining: 2m 11s
1100:	test: 0.7185202	best: 0.7185202 (1100)	total: 1m 12s	remaining: 2m 5s
1200:	test: 0.7187192	best: 0.7187210 (1198)	total: 1m 20s	remaining: 2m
1300:	test: 0.7188395	best: 0.7188395 (1300)	total: 1m 26s	remaining: 1m 52s
1400:	test: 0.7189867	best: 0.7189867 (1400)	total: 1m 33s	remaining: 1m 46s
1500:	test: 0.7190657	best: 0.7190692 (1499)	total: 1m 40s	remaining: 1m 40s
1600:	test: 0.7191839	best: 0.7191839 (1600)	total: 1m 46s	remaining: 1m 33s
1700:	test: 0.7192707	best: 0.7192707 (1700)	total: 1m 53s	remaining: 1m 26s
1800:	test: 0.7193564	best: 0.7193564 (1797)	total: 2m	remaining: 1m 20s
1900:	test: 0.7194328	best: 0.7194374 (1890)	total: 2m 7s	remaining: 1m 13s
2000:	test: 0.7195484	best: 0.7195484 (2000)	total: 2m 13s	remaining: 1m 6s
2100:	test: 0.7196366	best: 0.7196404 (2091)	total: 2m 21s	remaining: 1m
2200:	test: 0.7197036	best: 0.7197052 (2193)	total: 2m 27s	remaining: 53.4s
2300:	test: 0.7197472	best: 0.7197496 (2293)	total: 2m 33s	remaining: 46.6s
2400:	test: 0.7198255	best: 0.7198255 (2400)	total: 2m 40s	remaining: 40s
2500:	test: 0.7198843	best: 0.7198876 (2497)	total: 2m 46s	remaining: 33.3s
2600:	test: 0.7199316	best: 0.7199326 (2596)	total: 2m 53s	remaining: 26.6s
2700:	test: 0.7199731	best: 0.7199731 (2700)	total: 2m 59s	remaining: 19.9s
2800:	test: 0.7200122	best: 0.7200188 (2779)	total: 3m 6s	remaining: 13.3s
2900:	test: 0.7200383	best: 0.7200454 (2890)	total: 3m 12s	remaining: 6.58s
2999:	test: 0.7200822	best: 0.7200856 (2986)	total: 3m 19s	remaining: 0us
bestTest = 0.7200856209
bestIteration = 2986
Shrink model to first 2987 iterations.
2026-03-09 23:36:13.647 | INFO     | src.models.pd_model:train_catboost_default:184 - CatBoost default — val_AUC: 0.7201, best_iter: 2986
Default metric period is 5 because AUC is/are not implemented for GPU
0:	test: 0.6791728	best: 0.6791728 (0)	total: 45.4ms	remaining: 2m 16s
100:	test: 0.6923360	best: 0.6923360 (100)	total: 3.66s	remaining: 1m 45s
200:	test: 0.6956965	best: 0.6956965 (200)	total: 7.02s	remaining: 1m 37s
300:	test: 0.6971394	best: 0.6971394 (300)	total: 9.79s	remaining: 1m 27s
400:	test: 0.6977824	best: 0.6977952 (393)	total: 12.4s	remaining: 1m 20s
500:	test: 0.6983124	best: 0.6983124 (500)	total: 15.8s	remaining: 1m 18s
600:	test: 0.6984964	best: 0.6985262 (577)	total: 19.3s	remaining: 1m 17s
700:	test: 0.6986375	best: 0.6986888 (648)	total: 22.2s	remaining: 1m 12s
800:	test: 0.6985892	best: 0.6986976 (712)	total: 25.1s	remaining: 1m 9s
bestTest = 0.6986976266
bestIteration = 712
Shrink model to first 713 iterations.
2026-03-09 23:36:43.152 | INFO     | src.models.pd_model:train_catboost_default:184 - CatBoost default — val_AUC: 0.6987, best_iter: 712
Default metric period is 5 because AUC is/are not implemented for GPU
0:	test: 0.6943956	best: 0.6943956 (0)	total: 37.1ms	remaining: 1m 51s
100:	test: 0.7090147	best: 0.7090147 (100)	total: 4.33s	remaining: 2m 4s
200:	test: 0.7123853	best: 0.7123853 (200)	total: 8.76s	remaining: 2m 1s
300:	test: 0.7140630	best: 0.7140630 (300)	total: 13.6s	remaining: 2m 1s
400:	test: 0.7152002	best: 0.7152002 (400)	total: 17.9s	remaining: 1m 56s
500:	test: 0.7160038	best: 0.7160038 (500)	total: 22.7s	remaining: 1m 53s
600:	test: 0.7165524	best: 0.7165524 (600)	total: 27.2s	remaining: 1m 48s
700:	test: 0.7169445	best: 0.7169445 (700)	total: 31.5s	remaining: 1m 43s
800:	test: 0.7173410	best: 0.7173410 (800)	total: 35.8s	remaining: 1m 38s
900:	test: 0.7176126	best: 0.7176183 (898)	total: 40.4s	remaining: 1m 34s
1000:	test: 0.7178239	best: 0.7178302 (999)	total: 44.9s	remaining: 1m 29s
1100:	test: 0.7180347	best: 0.7180347 (1100)	total: 49.7s	remaining: 1m 25s
1200:	test: 0.7181722	best: 0.7181722 (1200)	total: 53.6s	remaining: 1m 20s
1300:	test: 0.7182320	best: 0.7182320 (1300)	total: 58.7s	remaining: 1m 16s
1400:	test: 0.7182906	best: 0.7182969 (1390)	total: 1m 3s	remaining: 1m 12s
1500:	test: 0.7184238	best: 0.7184254 (1489)	total: 1m 7s	remaining: 1m 7s
1600:	test: 0.7184699	best: 0.7184845 (1585)	total: 1m 11s	remaining: 1m 2s
1700:	test: 0.7185470	best: 0.7185525 (1688)	total: 1m 16s	remaining: 58.5s
1800:	test: 0.7186206	best: 0.7186224 (1795)	total: 1m 20s	remaining: 53.8s
1900:	test: 0.7186867	best: 0.7187006 (1891)	total: 1m 24s	remaining: 49.1s
2000:	test: 0.7187707	best: 0.7187707 (2000)	total: 1m 29s	remaining: 44.8s
2100:	test: 0.7187142	best: 0.7187755 (2037)	total: 1m 33s	remaining: 40s
bestTest = 0.7187755108
bestIteration = 2037
Shrink model to first 2038 iterations.
2026-03-09 23:38:25.354 | INFO     | src.models.pd_model:train_catboost_default:184 - CatBoost default — val_AUC: 0.7188, best_iter: 2037
Default metric period is 5 because AUC is/are not implemented for GPU
0:	test: 0.7151504	best: 0.7151504 (0)	total: 60.3ms	remaining: 3m
100:	test: 0.7276352	best: 0.7276352 (100)	total: 5.84s	remaining: 2m 47s
200:	test: 0.7303008	best: 0.7303008 (200)	total: 10.8s	remaining: 2m 30s
300:	test: 0.7316094	best: 0.7316096 (299)	total: 16.9s	remaining: 2m 31s
400:	test: 0.7325792	best: 0.7325792 (400)	total: 23.8s	remaining: 2m 33s
500:	test: 0.7332408	best: 0.7332408 (500)	total: 29.3s	remaining: 2m 26s
600:	test: 0.7336780	best: 0.7336780 (600)	total: 35.5s	remaining: 2m 21s
700:	test: 0.7340528	best: 0.7340537 (695)	total: 41.2s	remaining: 2m 15s
800:	test: 0.7343753	best: 0.7343753 (800)	total: 47.8s	remaining: 2m 11s
900:	test: 0.7345988	best: 0.7345988 (900)	total: 53.5s	remaining: 2m 4s
1000:	test: 0.7346949	best: 0.7346949 (1000)	total: 59.3s	remaining: 1m 58s
1100:	test: 0.7348542	best: 0.7348542 (1100)	total: 1m 6s	remaining: 1m 54s
1200:	test: 0.7349748	best: 0.7349799 (1198)	total: 1m 11s	remaining: 1m 47s
1300:	test: 0.7350969	best: 0.7350986 (1299)	total: 1m 18s	remaining: 1m 41s
1400:	test: 0.7351766	best: 0.7351766 (1400)	total: 1m 24s	remaining: 1m 35s
1500:	test: 0.7352539	best: 0.7352545 (1499)	total: 1m 29s	remaining: 1m 29s
1600:	test: 0.7352860	best: 0.7352878 (1596)	total: 1m 35s	remaining: 1m 23s
1700:	test: 0.7353832	best: 0.7353836 (1699)	total: 1m 42s	remaining: 1m 18s
1800:	test: 0.7354534	best: 0.7354534 (1800)	total: 1m 48s	remaining: 1m 12s
1900:	test: 0.7355005	best: 0.7355005 (1900)	total: 1m 54s	remaining: 1m 6s
2000:	test: 0.7355697	best: 0.7355697 (2000)	total: 2m 1s	remaining: 1m
2100:	test: 0.7356425	best: 0.7356425 (2100)	total: 2m 7s	remaining: 54.4s
2200:	test: 0.7357022	best: 0.7357032 (2196)	total: 2m 13s	remaining: 48.4s
2300:	test: 0.7357691	best: 0.7357691 (2300)	total: 2m 20s	remaining: 42.5s
2400:	test: 0.7357470	best: 0.7357766 (2305)	total: 2m 25s	remaining: 36.4s
bestTest = 0.7357766032
bestIteration = 2305
Shrink model to first 2306 iterations.
2026-03-09 23:41:01.051 | INFO     | src.models.pd_model:train_catboost_default:184 - CatBoost default — val_AUC: 0.7358, best_iter: 2305
2026-03-09 23:41:38.698 | INFO     | src.models.calibration:evaluate_calibration:70 - Calibration [isotonic] — ECE: 0.0065, Brier: 0.1545
2026-03-09 23:41:40.021 | INFO     | src.evaluation.fairness:fairness_report_from_binary:230 - Fairness report: 3 attributes evaluated
2026-03-09 23:41:40.802 | INFO     | src.evaluation.fairness:fairness_report_from_binary:230 - Fairness report: 3 attributes evaluated
2026-03-09 23:41:41.417 | INFO     | src.evaluation.fairness:fairness_report_from_binary:230 - Fairness report: 3 attributes evaluated
2026-03-09 23:41:42.170 | INFO     | src.evaluation.fairness:fairness_report_from_binary:230 - Fairness report: 3 attributes evaluated
2026-03-09 23:41:42.786 | INFO     | src.evaluation.fairness:fairness_report_from_binary:230 - Fairness report: 3 attributes evaluated
2026-03-09 23:41:43.531 | INFO     | src.evaluation.fairness:fairness_report_from_binary:230 - Fairness report: 3 attributes evaluated
2026-03-09 23:41:44.141 | INFO     | src.evaluation.fairness:fairness_report_from_binary:230 - Fairness report: 3 attributes evaluated
2026-03-09 23:41:44.889 | INFO     | src.evaluation.fairness:fairness_report_from_binary:230 - Fairness report: 3 attributes evaluated
2026-03-09 23:41:45.508 | INFO     | src.evaluation.fairness:fairness_report_from_binary:230 - Fairness report: 3 attributes evaluated
2026-03-09 23:41:46.251 | INFO     | src.evaluation.fairness:fairness_report_from_binary:230 - Fairness report: 3 attributes evaluated
2026-03-09 23:41:46.867 | INFO     | src.evaluation.fairness:fairness_report_from_binary:230 - Fairness report: 3 attributes evaluated
2026-03-09 23:41:47.603 | INFO     | src.evaluation.fairness:fairness_report_from_binary:230 - Fairness report: 3 attributes evaluated
2026-03-09 23:41:48.213 | INFO     | src.evaluation.fairness:fairness_report_from_binary:230 - Fairness report: 3 attributes evaluated
2026-03-09 23:41:48.938 | INFO     | src.evaluation.fairness:fairness_report_from_binary:230 - Fairness report: 3 attributes evaluated
2026-03-09 23:41:49.532 | INFO     | src.evaluation.fairness:fairness_report_from_binary:230 - Fairness report: 3 attributes evaluated
2026-03-09 23:41:50.266 | INFO     | src.evaluation.fairness:fairness_report_from_binary:230 - Fairness report: 3 attributes evaluated
2026-03-09 23:41:50.865 | INFO     | src.evaluation.fairness:fairness_report_from_binary:230 - Fairness report: 3 attributes evaluated
2026-03-09 23:41:51.605 | INFO     | src.evaluation.fairness:fairness_report_from_binary:230 - Fairness report: 3 attributes evaluated
2026-03-09 23:41:52.214 | INFO     | src.evaluation.fairness:fairness_report_from_binary:230 - Fairness report: 3 attributes evaluated
2026-03-09 23:41:53.005 | INFO     | src.evaluation.fairness:fairness_report_from_binary:230 - Fairness report: 3 attributes evaluated
2026-03-09 23:41:53.611 | INFO     | src.evaluation.fairness:fairness_report_from_binary:230 - Fairness report: 3 attributes evaluated
2026-03-09 23:41:54.335 | INFO     | src.evaluation.fairness:fairness_report_from_binary:230 - Fairness report: 3 attributes evaluated
2026-03-09 23:41:54.940 | INFO     | src.evaluation.fairness:fairness_report_from_binary:230 - Fairness report: 3 attributes evaluated
2026-03-09 23:41:55.689 | INFO     | src.evaluation.fairness:fairness_report_from_binary:230 - Fairness report: 3 attributes evaluated
2026-03-09 23:41:56.305 | INFO     | src.evaluation.fairness:fairness_report_from_binary:230 - Fairness report: 3 attributes evaluated
2026-03-09 23:41:57.028 | INFO     | src.evaluation.fairness:fairness_report_from_binary:230 - Fairness report: 3 attributes evaluated
2026-03-09 23:41:57.624 | INFO     | src.evaluation.fairness:fairness_report_from_binary:230 - Fairness report: 3 attributes evaluated
2026-03-09 23:41:58.334 | INFO     | src.evaluation.fairness:fairness_report_from_binary:230 - Fairness report: 3 attributes evaluated
2026-03-09 23:41:58.933 | INFO     | src.evaluation.fairness:fairness_report_from_binary:230 - Fairness report: 3 attributes evaluated
2026-03-09 23:41:59.653 | INFO     | src.evaluation.fairness:fairness_report_from_binary:230 - Fairness report: 3 attributes evaluated
2026-03-09 23:42:00.253 | INFO     | src.evaluation.fairness:fairness_report_from_binary:230 - Fairness report: 3 attributes evaluated
2026-03-09 23:42:00.978 | INFO     | src.evaluation.fairness:fairness_report_from_binary:230 - Fairness report: 3 attributes evaluated
2026-03-09 23:42:01.588 | INFO     | src.evaluation.fairness:fairness_report_from_binary:230 - Fairness report: 3 attributes evaluated
2026-03-09 23:42:02.348 | INFO     | src.evaluation.fairness:fairness_report_from_binary:230 - Fairness report: 3 attributes evaluated
2026-03-09 23:42:02.950 | INFO     | src.evaluation.fairness:fairness_report_from_binary:230 - Fairness report: 3 attributes evaluated
2026-03-09 23:42:03.681 | INFO     | src.evaluation.fairness:fairness_report_from_binary:230 - Fairness report: 3 attributes evaluated
2026-03-09 23:42:04.287 | INFO     | src.evaluation.fairness:fairness_report_from_binary:230 - Fairness report: 3 attributes evaluated
2026-03-09 23:42:05.021 | INFO     | src.evaluation.fairness:fairness_report_from_binary:230 - Fairness report: 3 attributes evaluated
2026-03-09 23:42:05.628 | INFO     | src.evaluation.fairness:fairness_report_from_binary:230 - Fairness report: 3 attributes evaluated
2026-03-09 23:42:06.370 | INFO     | src.evaluation.fairness:fairness_report_from_binary:230 - Fairness report: 3 attributes evaluated
2026-03-09 23:42:06.969 | INFO     | src.evaluation.fairness:fairness_report_from_binary:230 - Fairness report: 3 attributes evaluated
2026-03-09 23:42:07.717 | INFO     | src.evaluation.fairness:fairness_report_from_binary:230 - Fairness report: 3 attributes evaluated
2026-03-09 23:42:08.324 | INFO     | src.evaluation.fairness:fairness_report_from_binary:230 - Fairness report: 3 attributes evaluated
2026-03-09 23:42:09.060 | INFO     | src.evaluation.fairness:fairness_report_from_binary:230 - Fairness report: 3 attributes evaluated
2026-03-09 23:42:09.669 | INFO     | src.evaluation.fairness:fairness_report_from_binary:230 - Fairness report: 3 attributes evaluated
2026-03-09 23:42:10.418 | INFO     | src.evaluation.fairness:fairness_report_from_binary:230 - Fairness report: 3 attributes evaluated
2026-03-09 23:42:11.019 | INFO     | src.evaluation.fairness:fairness_report_from_binary:230 - Fairness report: 3 attributes evaluated
2026-03-09 23:42:11.748 | INFO     | src.evaluation.fairness:fairness_report_from_binary:230 - Fairness report: 3 attributes evaluated
2026-03-09 23:42:13.030 | INFO     | src.evaluation.fairness:fairness_report_from_binary:230 - Fairness report: 3 attributes evaluated
2026-03-09 23:42:13.773 | INFO     | src.evaluation.fairness:fairness_report_from_binary:230 - Fairness report: 3 attributes evaluated
2026-03-09 23:42:14.412 | INFO     | src.evaluation.fairness:fairness_report_from_binary:230 - Fairness report: 3 attributes evaluated
2026-03-09 23:42:15.160 | INFO     | src.evaluation.fairness:fairness_report_from_binary:230 - Fairness report: 3 attributes evaluated
2026-03-09 23:42:15.781 | INFO     | src.evaluation.fairness:fairness_report_from_binary:230 - Fairness report: 3 attributes evaluated
2026-03-09 23:42:16.541 | INFO     | src.evaluation.fairness:fairness_report_from_binary:230 - Fairness report: 3 attributes evaluated
2026-03-09 23:42:17.156 | INFO     | src.evaluation.fairness:fairness_report_from_binary:230 - Fairness report: 3 attributes evaluated
2026-03-09 23:42:17.898 | INFO     | src.evaluation.fairness:fairness_report_from_binary:230 - Fairness report: 3 attributes evaluated
2026-03-09 23:42:18.517 | INFO     | src.evaluation.fairness:fairness_report_from_binary:230 - Fairness report: 3 attributes evaluated
2026-03-09 23:42:19.289 | INFO     | src.evaluation.fairness:fairness_report_from_binary:230 - Fairness report: 3 attributes evaluated
2026-03-09 23:42:19.889 | INFO     | src.evaluation.fairness:fairness_report_from_binary:230 - Fairness report: 3 attributes evaluated
2026-03-09 23:42:20.650 | INFO     | src.evaluation.fairness:fairness_report_from_binary:230 - Fairness report: 3 attributes evaluated
2026-03-09 23:42:21.281 | INFO     | src.evaluation.fairness:fairness_report_from_binary:230 - Fairness report: 3 attributes evaluated
2026-03-09 23:42:22.017 | INFO     | src.evaluation.fairness:fairness_report_from_binary:230 - Fairness report: 3 attributes evaluated
2026-03-09 23:42:22.616 | INFO     | src.evaluation.fairness:fairness_report_from_binary:230 - Fairness report: 3 attributes evaluated
2026-03-09 23:42:23.340 | INFO     | src.evaluation.fairness:fairness_report_from_binary:230 - Fairness report: 3 attributes evaluated
2026-03-09 23:42:23.932 | INFO     | src.evaluation.fairness:fairness_report_from_binary:230 - Fairness report: 3 attributes evaluated
2026-03-09 23:42:24.678 | INFO     | src.evaluation.fairness:fairness_report_from_binary:230 - Fairness report: 3 attributes evaluated
2026-03-09 23:42:25.281 | INFO     | src.evaluation.fairness:fairness_report_from_binary:230 - Fairness report: 3 attributes evaluated
2026-03-09 23:42:26.058 | INFO     | src.evaluation.fairness:fairness_report_from_binary:230 - Fairness report: 3 attributes evaluated
2026-03-09 23:42:26.672 | INFO     | src.evaluation.fairness:fairness_report_from_binary:230 - Fairness report: 3 attributes evaluated
2026-03-09 23:42:27.406 | INFO     | src.evaluation.fairness:fairness_report_from_binary:230 - Fairness report: 3 attributes evaluated
2026-03-09 23:42:28.006 | INFO     | src.evaluation.fairness:fairness_report_from_binary:230 - Fairness report: 3 attributes evaluated
2026-03-09 23:42:28.744 | INFO     | src.evaluation.fairness:fairness_report_from_binary:230 - Fairness report: 3 attributes evaluated
2026-03-09 23:42:29.351 | INFO     | src.evaluation.fairness:fairness_report_from_binary:230 - Fairness report: 3 attributes evaluated
2026-03-09 23:42:30.071 | INFO     | src.evaluation.fairness:fairness_report_from_binary:230 - Fairness report: 3 attributes evaluated
2026-03-09 23:42:30.656 | INFO     | src.evaluation.fairness:fairness_report_from_binary:230 - Fairness report: 3 attributes evaluated
2026-03-09 23:42:31.375 | INFO     | src.evaluation.fairness:fairness_report_from_binary:230 - Fairness report: 3 attributes evaluated
2026-03-09 23:42:31.970 | INFO     | src.evaluation.fairness:fairness_report_from_binary:230 - Fairness report: 3 attributes evaluated
2026-03-09 23:42:32.705 | INFO     | src.evaluation.fairness:fairness_report_from_binary:230 - Fairness report: 3 attributes evaluated
2026-03-09 23:42:33.300 | INFO     | src.evaluation.fairness:fairness_report_from_binary:230 - Fairness report: 3 attributes evaluated
2026-03-09 23:42:34.017 | INFO     | src.evaluation.fairness:fairness_report_from_binary:230 - Fairness report: 3 attributes evaluated
2026-03-09 23:42:34.604 | INFO     | src.evaluation.fairness:fairness_report_from_binary:230 - Fairness report: 3 attributes evaluated
2026-03-09 23:42:35.344 | INFO     | src.evaluation.fairness:fairness_report_from_binary:230 - Fairness report: 3 attributes evaluated
2026-03-09 23:42:35.940 | INFO     | src.evaluation.fairness:fairness_report_from_binary:230 - Fairness report: 3 attributes evaluated
2026-03-09 23:42:36.670 | INFO     | src.evaluation.fairness:fairness_report_from_binary:230 - Fairness report: 3 attributes evaluated
2026-03-09 23:42:37.275 | INFO     | src.evaluation.fairness:fairness_report_from_binary:230 - Fairness report: 3 attributes evaluated
2026-03-09 23:42:38.001 | INFO     | src.evaluation.fairness:fairness_report_from_binary:230 - Fairness report: 3 attributes evaluated
2026-03-09 23:42:38.611 | INFO     | src.evaluation.fairness:fairness_report_from_binary:230 - Fairness report: 3 attributes evaluated
2026-03-09 23:42:39.337 | INFO     | src.evaluation.fairness:fairness_report_from_binary:230 - Fairness report: 3 attributes evaluated
2026-03-09 23:42:39.945 | INFO     | src.evaluation.fairness:fairness_report_from_binary:230 - Fairness report: 3 attributes evaluated
2026-03-09 23:42:40.661 | INFO     | src.evaluation.fairness:fairness_report_from_binary:230 - Fairness report: 3 attributes evaluated
2026-03-09 23:42:41.277 | INFO     | src.evaluation.fairness:fairness_report_from_binary:230 - Fairness report: 3 attributes evaluated
2026-03-09 23:42:42.016 | INFO     | src.evaluation.fairness:fairness_report_from_binary:230 - Fairness report: 3 attributes evaluated
2026-03-09 23:42:42.617 | INFO     | src.evaluation.fairness:fairness_report_from_binary:230 - Fairness report: 3 attributes evaluated
2026-03-09 23:42:43.349 | INFO     | src.evaluation.fairness:fairness_report_from_binary:230 - Fairness report: 3 attributes evaluated
2026-03-09 23:42:43.943 | INFO     | src.evaluation.fairness:fairness_report_from_binary:230 - Fairness report: 3 attributes evaluated
2026-03-09 23:42:44.669 | INFO     | src.evaluation.fairness:fairness_report_from_binary:230 - Fairness report: 3 attributes evaluated
2026-03-09 23:42:45.987 | INFO     | src.evaluation.fairness:fairness_report_from_binary:230 - Fairness report: 3 attributes evaluated
2026-03-09 23:42:46.739 | INFO     | src.evaluation.fairness:fairness_report_from_binary:230 - Fairness report: 3 attributes evaluated
2026-03-09 23:42:47.355 | INFO     | src.evaluation.fairness:fairness_report_from_binary:230 - Fairness report: 3 attributes evaluated
2026-03-09 23:42:48.105 | INFO     | src.evaluation.fairness:fairness_report_from_binary:230 - Fairness report: 3 attributes evaluated
2026-03-09 23:42:48.713 | INFO     | src.evaluation.fairness:fairness_report_from_binary:230 - Fairness report: 3 attributes evaluated
2026-03-09 23:42:49.474 | INFO     | src.evaluation.fairness:fairness_report_from_binary:230 - Fairness report: 3 attributes evaluated
2026-03-09 23:42:50.084 | INFO     | src.evaluation.fairness:fairness_report_from_binary:230 - Fairness report: 3 attributes evaluated
2026-03-09 23:42:50.831 | INFO     | src.evaluation.fairness:fairness_report_from_binary:230 - Fairness report: 3 attributes evaluated
2026-03-09 23:42:51.447 | INFO     | src.evaluation.fairness:fairness_report_from_binary:230 - Fairness report: 3 attributes evaluated
2026-03-09 23:42:52.193 | INFO     | src.evaluation.fairness:fairness_report_from_binary:230 - Fairness report: 3 attributes evaluated
2026-03-09 23:42:52.800 | INFO     | src.evaluation.fairness:fairness_report_from_binary:230 - Fairness report: 3 attributes evaluated
2026-03-09 23:42:53.525 | INFO     | src.evaluation.fairness:fairness_report_from_binary:230 - Fairness report: 3 attributes evaluated
2026-03-09 23:42:54.118 | INFO     | src.evaluation.fairness:fairness_report_from_binary:230 - Fairness report: 3 attributes evaluated
2026-03-09 23:42:54.863 | INFO     | src.evaluation.fairness:fairness_report_from_binary:230 - Fairness report: 3 attributes evaluated
2026-03-09 23:42:55.460 | INFO     | src.evaluation.fairness:fairness_report_from_binary:230 - Fairness report: 3 attributes evaluated
2026-03-09 23:42:56.202 | INFO     | src.evaluation.fairness:fairness_report_from_binary:230 - Fairness report: 3 attributes evaluated
2026-03-09 23:42:56.796 | INFO     | src.evaluation.fairness:fairness_report_from_binary:230 - Fairness report: 3 attributes evaluated
2026-03-09 23:42:57.530 | INFO     | src.evaluation.fairness:fairness_report_from_binary:230 - Fairness report: 3 attributes evaluated
2026-03-09 23:42:58.124 | INFO     | src.evaluation.fairness:fairness_report_from_binary:230 - Fairness report: 3 attributes evaluated
2026-03-09 23:42:58.855 | INFO     | src.evaluation.fairness:fairness_report_from_binary:230 - Fairness report: 3 attributes evaluated
2026-03-09 23:42:59.462 | INFO     | src.evaluation.fairness:fairness_report_from_binary:230 - Fairness report: 3 attributes evaluated
2026-03-09 23:43:00.195 | INFO     | src.evaluation.fairness:fairness_report_from_binary:230 - Fairness report: 3 attributes evaluated
2026-03-09 23:43:00.799 | INFO     | src.evaluation.fairness:fairness_report_from_binary:230 - Fairness report: 3 attributes evaluated
2026-03-09 23:43:01.516 | INFO     | src.evaluation.fairness:fairness_report_from_binary:230 - Fairness report: 3 attributes evaluated
2026-03-09 23:43:02.105 | INFO     | src.evaluation.fairness:fairness_report_from_binary:230 - Fairness report: 3 attributes evaluated
2026-03-09 23:43:02.812 | INFO     | src.evaluation.fairness:fairness_report_from_binary:230 - Fairness report: 3 attributes evaluated
2026-03-09 23:43:03.421 | INFO     | src.evaluation.fairness:fairness_report_from_binary:230 - Fairness report: 3 attributes evaluated
2026-03-09 23:43:04.144 | INFO     | src.evaluation.fairness:fairness_report_from_binary:230 - Fairness report: 3 attributes evaluated
2026-03-09 23:43:04.721 | INFO     | src.evaluation.fairness:fairness_report_from_binary:230 - Fairness report: 3 attributes evaluated
2026-03-09 23:43:05.427 | INFO     | src.evaluation.fairness:fairness_report_from_binary:230 - Fairness report: 3 attributes evaluated
2026-03-09 23:43:05.998 | INFO     | src.evaluation.fairness:fairness_report_from_binary:230 - Fairness report: 3 attributes evaluated
2026-03-09 23:43:06.699 | INFO     | src.evaluation.fairness:fairness_report_from_binary:230 - Fairness report: 3 attributes evaluated
2026-03-09 23:43:07.325 | INFO     | src.evaluation.fairness:fairness_report_from_binary:230 - Fairness report: 3 attributes evaluated
2026-03-09 23:43:08.104 | INFO     | src.evaluation.fairness:fairness_report_from_binary:230 - Fairness report: 3 attributes evaluated
2026-03-09 23:43:08.735 | INFO     | src.evaluation.fairness:fairness_report_from_binary:230 - Fairness report: 3 attributes evaluated
2026-03-09 23:43:09.472 | INFO     | src.evaluation.fairness:fairness_report_from_binary:230 - Fairness report: 3 attributes evaluated
2026-03-09 23:43:10.075 | INFO     | src.evaluation.fairness:fairness_report_from_binary:230 - Fairness report: 3 attributes evaluated
2026-03-09 23:43:10.840 | INFO     | src.evaluation.fairness:fairness_report_from_binary:230 - Fairness report: 3 attributes evaluated
2026-03-09 23:43:11.438 | INFO     | src.evaluation.fairness:fairness_report_from_binary:230 - Fairness report: 3 attributes evaluated
2026-03-09 23:43:12.188 | INFO     | src.evaluation.fairness:fairness_report_from_binary:230 - Fairness report: 3 attributes evaluated
2026-03-09 23:43:12.785 | INFO     | src.evaluation.fairness:fairness_report_from_binary:230 - Fairness report: 3 attributes evaluated
2026-03-09 23:43:13.525 | INFO     | src.evaluation.fairness:fairness_report_from_binary:230 - Fairness report: 3 attributes evaluated
2026-03-09 23:43:14.128 | INFO     | src.evaluation.fairness:fairness_report_from_binary:230 - Fairness report: 3 attributes evaluated
2026-03-09 23:43:14.892 | INFO     | src.evaluation.fairness:fairness_report_from_binary:230 - Fairness report: 3 attributes evaluated
2026-03-09 23:43:15.496 | INFO     | src.evaluation.fairness:fairness_report_from_binary:230 - Fairness report: 3 attributes evaluated
2026-03-09 23:43:16.232 | INFO     | src.evaluation.fairness:fairness_report_from_binary:230 - Fairness report: 3 attributes evaluated
2026-03-09 23:43:16.828 | INFO     | src.evaluation.fairness:fairness_report_from_binary:230 - Fairness report: 3 attributes evaluated
2026-03-09 23:43:17.594 | INFO     | src.evaluation.fairness:fairness_report_from_binary:230 - Fairness report: 3 attributes evaluated
2026-03-09 23:43:18.916 | INFO     | src.evaluation.fairness:fairness_report_from_binary:230 - Fairness report: 3 attributes evaluated
2026-03-09 23:43:19.655 | INFO     | src.evaluation.fairness:fairness_report_from_binary:230 - Fairness report: 3 attributes evaluated
2026-03-09 23:43:20.270 | INFO     | src.evaluation.fairness:fairness_report_from_binary:230 - Fairness report: 3 attributes evaluated
2026-03-09 23:43:21.011 | INFO     | src.evaluation.fairness:fairness_report_from_binary:230 - Fairness report: 3 attributes evaluated
2026-03-09 23:43:21.611 | INFO     | src.evaluation.fairness:fairness_report_from_binary:230 - Fairness report: 3 attributes evaluated
2026-03-09 23:43:22.365 | INFO     | src.evaluation.fairness:fairness_report_from_binary:230 - Fairness report: 3 attributes evaluated
2026-03-09 23:43:22.990 | INFO     | src.evaluation.fairness:fairness_report_from_binary:230 - Fairness report: 3 attributes evaluated
2026-03-09 23:43:23.740 | INFO     | src.evaluation.fairness:fairness_report_from_binary:230 - Fairness report: 3 attributes evaluated
2026-03-09 23:43:24.353 | INFO     | src.evaluation.fairness:fairness_report_from_binary:230 - Fairness report: 3 attributes evaluated
2026-03-09 23:43:25.075 | INFO     | src.evaluation.fairness:fairness_report_from_binary:230 - Fairness report: 3 attributes evaluated
2026-03-09 23:43:25.673 | INFO     | src.evaluation.fairness:fairness_report_from_binary:230 - Fairness report: 3 attributes evaluated
2026-03-09 23:43:26.427 | INFO     | src.evaluation.fairness:fairness_report_from_binary:230 - Fairness report: 3 attributes evaluated
2026-03-09 23:43:27.029 | INFO     | src.evaluation.fairness:fairness_report_from_binary:230 - Fairness report: 3 attributes evaluated
2026-03-09 23:43:27.770 | INFO     | src.evaluation.fairness:fairness_report_from_binary:230 - Fairness report: 3 attributes evaluated
2026-03-09 23:43:28.373 | INFO     | src.evaluation.fairness:fairness_report_from_binary:230 - Fairness report: 3 attributes evaluated
2026-03-09 23:43:29.099 | INFO     | src.evaluation.fairness:fairness_report_from_binary:230 - Fairness report: 3 attributes evaluated
2026-03-09 23:43:29.699 | INFO     | src.evaluation.fairness:fairness_report_from_binary:230 - Fairness report: 3 attributes evaluated
2026-03-09 23:43:30.416 | INFO     | src.evaluation.fairness:fairness_report_from_binary:230 - Fairness report: 3 attributes evaluated
2026-03-09 23:43:31.024 | INFO     | src.evaluation.fairness:fairness_report_from_binary:230 - Fairness report: 3 attributes evaluated
2026-03-09 23:43:31.755 | INFO     | src.evaluation.fairness:fairness_report_from_binary:230 - Fairness report: 3 attributes evaluated
2026-03-09 23:43:32.355 | INFO     | src.evaluation.fairness:fairness_report_from_binary:230 - Fairness report: 3 attributes evaluated
2026-03-09 23:43:33.091 | INFO     | src.evaluation.fairness:fairness_report_from_binary:230 - Fairness report: 3 attributes evaluated
2026-03-09 23:43:33.681 | INFO     | src.evaluation.fairness:fairness_report_from_binary:230 - Fairness report: 3 attributes evaluated
2026-03-09 23:43:34.397 | INFO     | src.evaluation.fairness:fairness_report_from_binary:230 - Fairness report: 3 attributes evaluated
2026-03-09 23:43:34.991 | INFO     | src.evaluation.fairness:fairness_report_from_binary:230 - Fairness report: 3 attributes evaluated
2026-03-09 23:43:35.709 | INFO     | src.evaluation.fairness:fairness_report_from_binary:230 - Fairness report: 3 attributes evaluated
2026-03-09 23:43:36.296 | INFO     | src.evaluation.fairness:fairness_report_from_binary:230 - Fairness report: 3 attributes evaluated
2026-03-09 23:43:37.005 | INFO     | src.evaluation.fairness:fairness_report_from_binary:230 - Fairness report: 3 attributes evaluated
2026-03-09 23:43:37.582 | INFO     | src.evaluation.fairness:fairness_report_from_binary:230 - Fairness report: 3 attributes evaluated
2026-03-09 23:43:38.288 | INFO     | src.evaluation.fairness:fairness_report_from_binary:230 - Fairness report: 3 attributes evaluated
2026-03-09 23:43:38.887 | INFO     | src.evaluation.fairness:fairness_report_from_binary:230 - Fairness report: 3 attributes evaluated
2026-03-09 23:43:39.619 | INFO     | src.evaluation.fairness:fairness_report_from_binary:230 - Fairness report: 3 attributes evaluated
2026-03-09 23:43:40.208 | INFO     | src.evaluation.fairness:fairness_report_from_binary:230 - Fairness report: 3 attributes evaluated
2026-03-09 23:43:40.922 | INFO     | src.evaluation.fairness:fairness_report_from_binary:230 - Fairness report: 3 attributes evaluated
2026-03-09 23:43:41.519 | INFO     | src.evaluation.fairness:fairness_report_from_binary:230 - Fairness report: 3 attributes evaluated
2026-03-09 23:43:42.239 | INFO     | src.evaluation.fairness:fairness_report_from_binary:230 - Fairness report: 3 attributes evaluated
2026-03-09 23:43:42.852 | INFO     | src.evaluation.fairness:fairness_report_from_binary:230 - Fairness report: 3 attributes evaluated
2026-03-09 23:43:43.577 | INFO     | src.evaluation.fairness:fairness_report_from_binary:230 - Fairness report: 3 attributes evaluated
/home/eigenlinux/projects/lending-club-risk-project/.venv/lib/python3.12/site-packages/mapie/utils.py:1462: UserWarning: Estimator does not appear fitted. At least one of the expected attributes is missing in : ['n_features_in_', 'classes_', 'coef_', 'feature_names_in_', 'tree_', 'estimators_', 'fitted_'].
  warnings.warn(
2026-03-09 23:43:44.485 | INFO     | src.models.conformal:create_pd_intervals:96 - Conformal PD intervals (global, alpha=0.09999999999999998): avg_width=0.9565, target_coverage=90%
2026-03-09 23:43:44.489 | INFO     | src.models.conformal:validate_coverage:397 - Coverage validation: empirical=0.8955 vs target=0.9000
2026-03-09 23:43:44.899 | INFO     | __main__:main:1461 - Saved default model to reports/gpu_replay/2026-03-09-official-gpu-replay-rapids-final/artifacts/models/pd_catboost_default.cbm
2026-03-09 23:43:44.899 | INFO     | __main__:main:1462 - Saved tuned model to reports/gpu_replay/2026-03-09-official-gpu-replay-rapids-final/artifacts/models/pd_canonical.cbm
2026-03-09 23:43:44.899 | INFO     | __main__:main:1463 - Saved LR baseline to reports/gpu_replay/2026-03-09-official-gpu-replay-rapids-final/artifacts/models/pd_logreg_baseline.pkl
2026-03-09 23:43:44.899 | INFO     | __main__:main:1464 - Saved calibrator to reports/gpu_replay/2026-03-09-official-gpu-replay-rapids-final/artifacts/models/pd_canonical_calibrator.pkl
2026-03-09 23:43:44.899 | INFO     | __main__:main:1465 - Saved decision threshold artifact to reports/gpu_replay/2026-03-09-official-gpu-replay-rapids-final/artifacts/models/decision_threshold.json
2026-03-09 23:43:44.899 | INFO     | __main__:main:1466 - Saved decision threshold v2 artifact to reports/gpu_replay/2026-03-09-official-gpu-replay-rapids-final/artifacts/models/decision_threshold_v2.json
2026-03-09 23:43:44.899 | INFO     | __main__:main:1467 - Saved canonical model to reports/gpu_replay/2026-03-09-official-gpu-replay-rapids-final/artifacts/models/pd_canonical.cbm
2026-03-09 23:43:44.899 | INFO     | __main__:main:1468 - Saved canonical calibrator to reports/gpu_replay/2026-03-09-official-gpu-replay-rapids-final/artifacts/models/pd_canonical_calibrator.pkl
2026-03-09 23:43:44.899 | INFO     | __main__:main:1469 - Saved PD contract to reports/gpu_replay/2026-03-09-official-gpu-replay-rapids-final/artifacts/models/pd_model_contract.json
2026-03-09 23:43:44.899 | INFO     | __main__:main:1470 - Saved test predictions to reports/gpu_replay/2026-03-09-official-gpu-replay-rapids-final/artifacts/data/processed/test_predictions.parquet
2026-03-09 23:43:44.899 | INFO     | __main__:main:1471 - Saved training record to reports/gpu_replay/2026-03-09-official-gpu-replay-rapids-final/artifacts/models/pd_training_record.pkl
2026-03-09 23:43:44.899 | INFO     | __main__:main:1472 - Final metrics | AUC=0.7139 Gini=0.4278 KS=0.3133 Brier=0.1545 ECE=0.0065
