$ /home/eigenlinux/miniforge3/envs/rapids/bin/python -u -m scripts.optimize_portfolio_tradeoff --config configs/optimization.yaml --max_candidates 150000 --grid-profile night --solver_backend cuopt

2026-03-09 23:44:35.899 | INFO     | src.models.conformal_artifacts:load_conformal_intervals:38 - Using canonical conformal artifact: data/processed/conformal_intervals_mondrian.parquet
2026-03-09 23:44:36.007 | INFO     | __main__:_load_intervals:63 - Loaded conformal intervals from data/processed/conformal_intervals_mondrian.parquet (legacy=False, rows=276,869)
2026-03-09 23:44:36.593 | INFO     | __main__:_align_loans_and_intervals:107 - Aligned tradeoff candidates and intervals by id: n=150,000 (candidate_rows=276,869, interval_rows=276,869)
2026-03-09 23:44:36.656 | INFO     | __main__:_write_candidate_universe:136 - Saved candidate universe: reports/gpu_replay/2026-03-09-official-gpu-replay-rapids-final/artifacts/data/processed/champion_candidate_universe.parquet
2026-03-09 23:44:36.659 | INFO     | __main__:main:366 - Starting robustness trade-off optimization on n=150,000, risk_grid=[0.05, 0.06, 0.08, 0.1, 0.12, 0.14], aversion_grid=[0.0, 0.25, 0.5, 1.0, 1.5, 2.0, 3.0]
2026-03-09 23:44:38.831 | INFO     | src.optimization.cuopt_adapter:solve_portfolio_cuopt_native:162 - Portfolio solved (cuopt_native): obj=66,956.04, funded=162/150000, allocated=1,000,000, pd_cap_slack=0.0000
2026-03-09 23:44:39.863 | INFO     | src.optimization.cuopt_adapter:solve_portfolio_cuopt_native:162 - Portfolio solved (cuopt_native): obj=66,956.04, funded=160/150000, allocated=1,000,000, pd_cap_slack=0.0000
2026-03-09 23:44:40.829 | INFO     | src.optimization.cuopt_adapter:solve_portfolio_cuopt_native:162 - Portfolio solved (cuopt_native): obj=62,408.88, funded=159/150000, allocated=1,000,000, pd_cap_slack=0.0000
2026-03-09 23:44:41.822 | INFO     | src.optimization.cuopt_adapter:solve_portfolio_cuopt_native:162 - Portfolio solved (cuopt_native): obj=57,870.13, funded=166/150000, allocated=1,000,000, pd_cap_slack=0.0000
2026-03-09 23:44:42.803 | INFO     | src.optimization.cuopt_adapter:solve_portfolio_cuopt_native:162 - Portfolio solved (cuopt_native): obj=49,017.71, funded=154/150000, allocated=1,000,000, pd_cap_slack=0.0000
2026-03-09 23:44:43.793 | INFO     | src.optimization.cuopt_adapter:solve_portfolio_cuopt_native:162 - Portfolio solved (cuopt_native): obj=41,302.38, funded=145/150000, allocated=1,000,000, pd_cap_slack=0.0000
2026-03-09 23:44:44.761 | INFO     | src.optimization.cuopt_adapter:solve_portfolio_cuopt_native:162 - Portfolio solved (cuopt_native): obj=33,798.08, funded=143/150000, allocated=1,000,000, pd_cap_slack=0.0000
2026-03-09 23:44:45.744 | INFO     | src.optimization.cuopt_adapter:solve_portfolio_cuopt_native:162 - Portfolio solved (cuopt_native): obj=18,938.42, funded=148/150000, allocated=1,000,000, pd_cap_slack=0.0000
2026-03-09 23:44:46.744 | INFO     | src.optimization.cuopt_adapter:solve_portfolio_cuopt_native:162 - Portfolio solved (cuopt_native): obj=108,924.01, funded=245/150000, allocated=1,000,000, pd_cap_slack=0.0000
2026-03-09 23:44:47.774 | INFO     | src.optimization.cuopt_adapter:solve_portfolio_cuopt_native:162 - Portfolio solved (cuopt_native): obj=86,823.34, funded=220/150000, allocated=1,000,000, pd_cap_slack=0.0000
2026-03-09 23:44:48.766 | INFO     | src.optimization.cuopt_adapter:solve_portfolio_cuopt_native:162 - Portfolio solved (cuopt_native): obj=66,912.86, funded=227/150000, allocated=1,000,000, pd_cap_slack=0.0000
2026-03-09 23:44:49.788 | INFO     | src.optimization.cuopt_adapter:solve_portfolio_cuopt_native:162 - Portfolio solved (cuopt_native): obj=49,017.71, funded=157/150000, allocated=1,000,000, pd_cap_slack=0.0000
2026-03-09 23:44:50.822 | INFO     | src.optimization.cuopt_adapter:solve_portfolio_cuopt_native:162 - Portfolio solved (cuopt_native): obj=41,302.38, funded=144/150000, allocated=1,000,000, pd_cap_slack=0.0000
2026-03-09 23:44:51.871 | INFO     | src.optimization.cuopt_adapter:solve_portfolio_cuopt_native:162 - Portfolio solved (cuopt_native): obj=33,798.08, funded=144/150000, allocated=1,000,000, pd_cap_slack=0.0000
2026-03-09 23:44:52.871 | INFO     | src.optimization.cuopt_adapter:solve_portfolio_cuopt_native:162 - Portfolio solved (cuopt_native): obj=18,938.42, funded=147/150000, allocated=1,000,000, pd_cap_slack=0.0000
2026-03-09 23:44:53.869 | INFO     | src.optimization.cuopt_adapter:solve_portfolio_cuopt_native:162 - Portfolio solved (cuopt_native): obj=84,765.92, funded=203/150000, allocated=1,000,000, pd_cap_slack=0.0000
2026-03-09 23:44:54.852 | INFO     | src.optimization.cuopt_adapter:solve_portfolio_cuopt_native:162 - Portfolio solved (cuopt_native): obj=73,769.99, funded=205/150000, allocated=1,000,000, pd_cap_slack=0.0000
2026-03-09 23:44:55.875 | INFO     | src.optimization.cuopt_adapter:solve_portfolio_cuopt_native:162 - Portfolio solved (cuopt_native): obj=63,000.57, funded=202/150000, allocated=1,000,000, pd_cap_slack=0.0000
2026-03-09 23:44:57.630 | INFO     | src.optimization.cuopt_adapter:solve_portfolio_cuopt_native:162 - Portfolio solved (cuopt_native): obj=49,017.71, funded=154/150000, allocated=1,000,000, pd_cap_slack=0.0000
2026-03-09 23:44:58.643 | INFO     | src.optimization.cuopt_adapter:solve_portfolio_cuopt_native:162 - Portfolio solved (cuopt_native): obj=41,302.38, funded=145/150000, allocated=1,000,000, pd_cap_slack=0.0000
2026-03-09 23:44:59.613 | INFO     | src.optimization.cuopt_adapter:solve_portfolio_cuopt_native:162 - Portfolio solved (cuopt_native): obj=33,798.08, funded=144/150000, allocated=1,000,000, pd_cap_slack=0.0000
2026-03-09 23:45:00.633 | INFO     | src.optimization.cuopt_adapter:solve_portfolio_cuopt_native:162 - Portfolio solved (cuopt_native): obj=18,938.42, funded=147/150000, allocated=1,000,000, pd_cap_slack=0.0000
2026-03-09 23:45:01.652 | INFO     | src.optimization.cuopt_adapter:solve_portfolio_cuopt_native:162 - Portfolio solved (cuopt_native): obj=75,533.20, funded=173/150000, allocated=1,000,000, pd_cap_slack=0.0000
2026-03-09 23:45:02.683 | INFO     | src.optimization.cuopt_adapter:solve_portfolio_cuopt_native:162 - Portfolio solved (cuopt_native): obj=68,031.69, funded=177/150000, allocated=1,000,000, pd_cap_slack=0.0000
2026-03-09 23:45:03.716 | INFO     | src.optimization.cuopt_adapter:solve_portfolio_cuopt_native:162 - Portfolio solved (cuopt_native): obj=60,623.10, funded=182/150000, allocated=1,000,000, pd_cap_slack=0.0000
2026-03-09 23:45:04.717 | INFO     | src.optimization.cuopt_adapter:solve_portfolio_cuopt_native:162 - Portfolio solved (cuopt_native): obj=49,017.71, funded=156/150000, allocated=1,000,000, pd_cap_slack=0.0000
2026-03-09 23:45:05.710 | INFO     | src.optimization.cuopt_adapter:solve_portfolio_cuopt_native:162 - Portfolio solved (cuopt_native): obj=41,302.38, funded=146/150000, allocated=1,000,000, pd_cap_slack=0.0000
2026-03-09 23:45:06.707 | INFO     | src.optimization.cuopt_adapter:solve_portfolio_cuopt_native:162 - Portfolio solved (cuopt_native): obj=33,798.08, funded=144/150000, allocated=1,000,000, pd_cap_slack=0.0000
2026-03-09 23:45:07.715 | INFO     | src.optimization.cuopt_adapter:solve_portfolio_cuopt_native:162 - Portfolio solved (cuopt_native): obj=18,938.42, funded=148/150000, allocated=1,000,000, pd_cap_slack=0.0000
2026-03-09 23:45:08.715 | INFO     | src.optimization.cuopt_adapter:solve_portfolio_cuopt_native:162 - Portfolio solved (cuopt_native): obj=70,296.42, funded=169/150000, allocated=1,000,000, pd_cap_slack=0.0000
2026-03-09 23:45:09.709 | INFO     | src.optimization.cuopt_adapter:solve_portfolio_cuopt_native:162 - Portfolio solved (cuopt_native): obj=64,679.65, funded=180/150000, allocated=1,000,000, pd_cap_slack=0.0000
2026-03-09 23:45:10.715 | INFO     | src.optimization.cuopt_adapter:solve_portfolio_cuopt_native:162 - Portfolio solved (cuopt_native): obj=59,091.94, funded=183/150000, allocated=1,000,000, pd_cap_slack=0.0000
2026-03-09 23:45:11.688 | INFO     | src.optimization.cuopt_adapter:solve_portfolio_cuopt_native:162 - Portfolio solved (cuopt_native): obj=49,017.71, funded=156/150000, allocated=1,000,000, pd_cap_slack=0.0000
2026-03-09 23:45:12.706 | INFO     | src.optimization.cuopt_adapter:solve_portfolio_cuopt_native:162 - Portfolio solved (cuopt_native): obj=41,302.38, funded=146/150000, allocated=1,000,000, pd_cap_slack=0.0000
2026-03-09 23:45:13.679 | INFO     | src.optimization.cuopt_adapter:solve_portfolio_cuopt_native:162 - Portfolio solved (cuopt_native): obj=33,798.08, funded=143/150000, allocated=1,000,000, pd_cap_slack=0.0000
2026-03-09 23:45:14.649 | INFO     | src.optimization.cuopt_adapter:solve_portfolio_cuopt_native:162 - Portfolio solved (cuopt_native): obj=18,938.42, funded=148/150000, allocated=1,000,000, pd_cap_slack=0.0000
2026-03-09 23:45:15.597 | INFO     | src.optimization.cuopt_adapter:solve_portfolio_cuopt_native:162 - Portfolio solved (cuopt_native): obj=66,956.04, funded=160/150000, allocated=1,000,000, pd_cap_slack=0.0000
2026-03-09 23:45:16.589 | INFO     | src.optimization.cuopt_adapter:solve_portfolio_cuopt_native:162 - Portfolio solved (cuopt_native): obj=62,408.88, funded=159/150000, allocated=1,000,000, pd_cap_slack=0.0000
2026-03-09 23:45:17.534 | INFO     | src.optimization.cuopt_adapter:solve_portfolio_cuopt_native:162 - Portfolio solved (cuopt_native): obj=57,870.13, funded=166/150000, allocated=1,000,000, pd_cap_slack=0.0000
2026-03-09 23:45:18.485 | INFO     | src.optimization.cuopt_adapter:solve_portfolio_cuopt_native:162 - Portfolio solved (cuopt_native): obj=49,017.71, funded=154/150000, allocated=1,000,000, pd_cap_slack=0.0000
2026-03-09 23:45:19.460 | INFO     | src.optimization.cuopt_adapter:solve_portfolio_cuopt_native:162 - Portfolio solved (cuopt_native): obj=41,302.38, funded=145/150000, allocated=1,000,000, pd_cap_slack=0.0000
2026-03-09 23:45:20.447 | INFO     | src.optimization.cuopt_adapter:solve_portfolio_cuopt_native:162 - Portfolio solved (cuopt_native): obj=33,798.08, funded=143/150000, allocated=1,000,000, pd_cap_slack=0.0000
2026-03-09 23:45:21.433 | INFO     | src.optimization.cuopt_adapter:solve_portfolio_cuopt_native:162 - Portfolio solved (cuopt_native): obj=18,938.42, funded=148/150000, allocated=1,000,000, pd_cap_slack=0.0000
2026-03-09 23:45:22.382 | INFO     | src.optimization.cuopt_adapter:solve_portfolio_cuopt_native:162 - Portfolio solved (cuopt_native): obj=69,660.99, funded=173/150000, allocated=1,000,000, pd_cap_slack=0.0000
2026-03-09 23:45:23.352 | INFO     | src.optimization.cuopt_adapter:solve_portfolio_cuopt_native:162 - Portfolio solved (cuopt_native): obj=69,660.99, funded=169/150000, allocated=1,000,000, pd_cap_slack=0.0000
2026-03-09 23:45:24.356 | INFO     | src.optimization.cuopt_adapter:solve_portfolio_cuopt_native:162 - Portfolio solved (cuopt_native): obj=64,264.82, funded=175/150000, allocated=1,000,000, pd_cap_slack=0.0000
2026-03-09 23:45:25.335 | INFO     | src.optimization.cuopt_adapter:solve_portfolio_cuopt_native:162 - Portfolio solved (cuopt_native): obj=58,882.40, funded=178/150000, allocated=1,000,000, pd_cap_slack=0.0000
2026-03-09 23:45:26.321 | INFO     | src.optimization.cuopt_adapter:solve_portfolio_cuopt_native:162 - Portfolio solved (cuopt_native): obj=49,017.71, funded=155/150000, allocated=1,000,000, pd_cap_slack=0.0000
2026-03-09 23:45:27.326 | INFO     | src.optimization.cuopt_adapter:solve_portfolio_cuopt_native:162 - Portfolio solved (cuopt_native): obj=41,302.38, funded=144/150000, allocated=1,000,000, pd_cap_slack=0.0000
2026-03-09 23:45:28.298 | INFO     | src.optimization.cuopt_adapter:solve_portfolio_cuopt_native:162 - Portfolio solved (cuopt_native): obj=33,798.08, funded=144/150000, allocated=1,000,000, pd_cap_slack=0.0000
2026-03-09 23:45:29.238 | INFO     | src.optimization.cuopt_adapter:solve_portfolio_cuopt_native:162 - Portfolio solved (cuopt_native): obj=18,938.42, funded=147/150000, allocated=1,000,000, pd_cap_slack=0.0000
2026-03-09 23:45:31.000 | INFO     | src.optimization.cuopt_adapter:solve_portfolio_cuopt_native:162 - Portfolio solved (cuopt_native): obj=117,447.12, funded=253/150000, allocated=1,000,000, pd_cap_slack=0.0000
2026-03-09 23:45:32.048 | INFO     | src.optimization.cuopt_adapter:solve_portfolio_cuopt_native:162 - Portfolio solved (cuopt_native): obj=91,555.51, funded=228/150000, allocated=1,000,000, pd_cap_slack=0.0000
2026-03-09 23:45:33.106 | INFO     | src.optimization.cuopt_adapter:solve_portfolio_cuopt_native:162 - Portfolio solved (cuopt_native): obj=68,045.82, funded=236/150000, allocated=1,000,000, pd_cap_slack=0.0000
2026-03-09 23:45:34.101 | INFO     | src.optimization.cuopt_adapter:solve_portfolio_cuopt_native:162 - Portfolio solved (cuopt_native): obj=49,017.71, funded=157/150000, allocated=1,000,000, pd_cap_slack=0.0000
2026-03-09 23:45:35.088 | INFO     | src.optimization.cuopt_adapter:solve_portfolio_cuopt_native:162 - Portfolio solved (cuopt_native): obj=41,302.38, funded=145/150000, allocated=1,000,000, pd_cap_slack=0.0000
2026-03-09 23:45:36.095 | INFO     | src.optimization.cuopt_adapter:solve_portfolio_cuopt_native:162 - Portfolio solved (cuopt_native): obj=33,798.08, funded=144/150000, allocated=1,000,000, pd_cap_slack=0.0000
2026-03-09 23:45:37.092 | INFO     | src.optimization.cuopt_adapter:solve_portfolio_cuopt_native:162 - Portfolio solved (cuopt_native): obj=18,938.42, funded=148/150000, allocated=1,000,000, pd_cap_slack=0.0000
2026-03-09 23:45:38.073 | INFO     | src.optimization.cuopt_adapter:solve_portfolio_cuopt_native:162 - Portfolio solved (cuopt_native): obj=89,969.70, funded=208/150000, allocated=1,000,000, pd_cap_slack=0.0000
2026-03-09 23:45:39.054 | INFO     | src.optimization.cuopt_adapter:solve_portfolio_cuopt_native:162 - Portfolio solved (cuopt_native): obj=76,924.09, funded=207/150000, allocated=1,000,000, pd_cap_slack=0.0000
2026-03-09 23:45:40.055 | INFO     | src.optimization.cuopt_adapter:solve_portfolio_cuopt_native:162 - Portfolio solved (cuopt_native): obj=64,120.36, funded=212/150000, allocated=1,000,000, pd_cap_slack=0.0000
2026-03-09 23:45:41.041 | INFO     | src.optimization.cuopt_adapter:solve_portfolio_cuopt_native:162 - Portfolio solved (cuopt_native): obj=49,017.71, funded=154/150000, allocated=1,000,000, pd_cap_slack=0.0000
2026-03-09 23:45:42.037 | INFO     | src.optimization.cuopt_adapter:solve_portfolio_cuopt_native:162 - Portfolio solved (cuopt_native): obj=41,302.38, funded=145/150000, allocated=1,000,000, pd_cap_slack=0.0000
2026-03-09 23:45:43.010 | INFO     | src.optimization.cuopt_adapter:solve_portfolio_cuopt_native:162 - Portfolio solved (cuopt_native): obj=33,798.08, funded=144/150000, allocated=1,000,000, pd_cap_slack=0.0000
2026-03-09 23:45:43.972 | INFO     | src.optimization.cuopt_adapter:solve_portfolio_cuopt_native:162 - Portfolio solved (cuopt_native): obj=18,938.42, funded=148/150000, allocated=1,000,000, pd_cap_slack=0.0000
2026-03-09 23:45:44.944 | INFO     | src.optimization.cuopt_adapter:solve_portfolio_cuopt_native:162 - Portfolio solved (cuopt_native): obj=79,423.44, funded=194/150000, allocated=1,000,000, pd_cap_slack=0.0000
2026-03-09 23:45:45.922 | INFO     | src.optimization.cuopt_adapter:solve_portfolio_cuopt_native:162 - Portfolio solved (cuopt_native): obj=70,533.85, funded=195/150000, allocated=1,000,000, pd_cap_slack=0.0000
2026-03-09 23:45:46.919 | INFO     | src.optimization.cuopt_adapter:solve_portfolio_cuopt_native:162 - Portfolio solved (cuopt_native): obj=61,739.56, funded=193/150000, allocated=1,000,000, pd_cap_slack=0.0000
2026-03-09 23:45:47.938 | INFO     | src.optimization.cuopt_adapter:solve_portfolio_cuopt_native:162 - Portfolio solved (cuopt_native): obj=49,017.71, funded=155/150000, allocated=1,000,000, pd_cap_slack=0.0000
2026-03-09 23:45:48.902 | INFO     | src.optimization.cuopt_adapter:solve_portfolio_cuopt_native:162 - Portfolio solved (cuopt_native): obj=41,302.38, funded=146/150000, allocated=1,000,000, pd_cap_slack=0.0000
2026-03-09 23:45:49.910 | INFO     | src.optimization.cuopt_adapter:solve_portfolio_cuopt_native:162 - Portfolio solved (cuopt_native): obj=33,798.08, funded=143/150000, allocated=1,000,000, pd_cap_slack=0.0000
2026-03-09 23:45:50.895 | INFO     | src.optimization.cuopt_adapter:solve_portfolio_cuopt_native:162 - Portfolio solved (cuopt_native): obj=18,938.42, funded=147/150000, allocated=1,000,000, pd_cap_slack=0.0000
2026-03-09 23:45:51.908 | INFO     | src.optimization.cuopt_adapter:solve_portfolio_cuopt_native:162 - Portfolio solved (cuopt_native): obj=73,439.28, funded=165/150000, allocated=1,000,000, pd_cap_slack=0.0000
2026-03-09 23:45:52.918 | INFO     | src.optimization.cuopt_adapter:solve_portfolio_cuopt_native:162 - Portfolio solved (cuopt_native): obj=66,714.24, funded=175/150000, allocated=1,000,000, pd_cap_slack=0.0000
2026-03-09 23:45:53.947 | INFO     | src.optimization.cuopt_adapter:solve_portfolio_cuopt_native:162 - Portfolio solved (cuopt_native): obj=60,053.68, funded=182/150000, allocated=1,000,000, pd_cap_slack=0.0000
2026-03-09 23:45:54.956 | INFO     | src.optimization.cuopt_adapter:solve_portfolio_cuopt_native:162 - Portfolio solved (cuopt_native): obj=49,017.71, funded=155/150000, allocated=1,000,000, pd_cap_slack=0.0000
2026-03-09 23:45:55.968 | INFO     | src.optimization.cuopt_adapter:solve_portfolio_cuopt_native:162 - Portfolio solved (cuopt_native): obj=41,302.38, funded=145/150000, allocated=1,000,000, pd_cap_slack=0.0000
2026-03-09 23:45:56.952 | INFO     | src.optimization.cuopt_adapter:solve_portfolio_cuopt_native:162 - Portfolio solved (cuopt_native): obj=33,798.08, funded=143/150000, allocated=1,000,000, pd_cap_slack=0.0000
2026-03-09 23:45:57.936 | INFO     | src.optimization.cuopt_adapter:solve_portfolio_cuopt_native:162 - Portfolio solved (cuopt_native): obj=18,938.42, funded=147/150000, allocated=1,000,000, pd_cap_slack=0.0000
2026-03-09 23:45:58.949 | INFO     | src.optimization.cuopt_adapter:solve_portfolio_cuopt_native:162 - Portfolio solved (cuopt_native): obj=69,660.99, funded=169/150000, allocated=1,000,000, pd_cap_slack=0.0000
2026-03-09 23:45:59.942 | INFO     | src.optimization.cuopt_adapter:solve_portfolio_cuopt_native:162 - Portfolio solved (cuopt_native): obj=64,264.82, funded=175/150000, allocated=1,000,000, pd_cap_slack=0.0000
2026-03-09 23:46:00.915 | INFO     | src.optimization.cuopt_adapter:solve_portfolio_cuopt_native:162 - Portfolio solved (cuopt_native): obj=58,882.40, funded=178/150000, allocated=1,000,000, pd_cap_slack=0.0000
2026-03-09 23:46:01.928 | INFO     | src.optimization.cuopt_adapter:solve_portfolio_cuopt_native:162 - Portfolio solved (cuopt_native): obj=49,017.71, funded=155/150000, allocated=1,000,000, pd_cap_slack=0.0000
2026-03-09 23:46:03.645 | INFO     | src.optimization.cuopt_adapter:solve_portfolio_cuopt_native:162 - Portfolio solved (cuopt_native): obj=41,302.38, funded=144/150000, allocated=1,000,000, pd_cap_slack=0.0000
2026-03-09 23:46:04.659 | INFO     | src.optimization.cuopt_adapter:solve_portfolio_cuopt_native:162 - Portfolio solved (cuopt_native): obj=33,798.08, funded=144/150000, allocated=1,000,000, pd_cap_slack=0.0000
2026-03-09 23:46:05.718 | INFO     | src.optimization.cuopt_adapter:solve_portfolio_cuopt_native:162 - Portfolio solved (cuopt_native): obj=18,938.42, funded=147/150000, allocated=1,000,000, pd_cap_slack=0.0000
2026-03-09 23:46:06.727 | INFO     | src.optimization.cuopt_adapter:solve_portfolio_cuopt_native:162 - Portfolio solved (cuopt_native): obj=74,701.88, funded=175/150000, allocated=1,000,000, pd_cap_slack=0.0000
2026-03-09 23:46:07.694 | INFO     | src.optimization.cuopt_adapter:solve_portfolio_cuopt_native:162 - Portfolio solved (cuopt_native): obj=74,701.88, funded=174/150000, allocated=1,000,000, pd_cap_slack=0.0000
2026-03-09 23:46:08.659 | INFO     | src.optimization.cuopt_adapter:solve_portfolio_cuopt_native:162 - Portfolio solved (cuopt_native): obj=67,547.78, funded=180/150000, allocated=1,000,000, pd_cap_slack=0.0000
2026-03-09 23:46:09.628 | INFO     | src.optimization.cuopt_adapter:solve_portfolio_cuopt_native:162 - Portfolio solved (cuopt_native): obj=60,432.97, funded=183/150000, allocated=1,000,000, pd_cap_slack=0.0000
2026-03-09 23:46:10.601 | INFO     | src.optimization.cuopt_adapter:solve_portfolio_cuopt_native:162 - Portfolio solved (cuopt_native): obj=49,017.71, funded=158/150000, allocated=1,000,000, pd_cap_slack=0.0000
2026-03-09 23:46:11.561 | INFO     | src.optimization.cuopt_adapter:solve_portfolio_cuopt_native:162 - Portfolio solved (cuopt_native): obj=41,302.38, funded=144/150000, allocated=1,000,000, pd_cap_slack=0.0000
2026-03-09 23:46:12.528 | INFO     | src.optimization.cuopt_adapter:solve_portfolio_cuopt_native:162 - Portfolio solved (cuopt_native): obj=33,798.08, funded=144/150000, allocated=1,000,000, pd_cap_slack=0.0000
2026-03-09 23:46:13.465 | INFO     | src.optimization.cuopt_adapter:solve_portfolio_cuopt_native:162 - Portfolio solved (cuopt_native): obj=18,938.42, funded=147/150000, allocated=1,000,000, pd_cap_slack=0.0000
2026-03-09 23:46:14.457 | INFO     | src.optimization.cuopt_adapter:solve_portfolio_cuopt_native:162 - Portfolio solved (cuopt_native): obj=133,653.74, funded=270/150000, allocated=1,000,000, pd_cap_slack=0.0000
2026-03-09 23:46:15.452 | INFO     | src.optimization.cuopt_adapter:solve_portfolio_cuopt_native:162 - Portfolio solved (cuopt_native): obj=100,236.15, funded=245/150000, allocated=1,000,000, pd_cap_slack=0.0000
2026-03-09 23:46:16.440 | INFO     | src.optimization.cuopt_adapter:solve_portfolio_cuopt_native:162 - Portfolio solved (cuopt_native): obj=69,514.40, funded=253/150000, allocated=1,000,000, pd_cap_slack=0.0000
2026-03-09 23:46:17.453 | INFO     | src.optimization.cuopt_adapter:solve_portfolio_cuopt_native:162 - Portfolio solved (cuopt_native): obj=49,017.71, funded=154/150000, allocated=1,000,000, pd_cap_slack=0.0000
2026-03-09 23:46:18.452 | INFO     | src.optimization.cuopt_adapter:solve_portfolio_cuopt_native:162 - Portfolio solved (cuopt_native): obj=41,302.38, funded=145/150000, allocated=1,000,000, pd_cap_slack=0.0000
2026-03-09 23:46:19.474 | INFO     | src.optimization.cuopt_adapter:solve_portfolio_cuopt_native:162 - Portfolio solved (cuopt_native): obj=33,798.08, funded=144/150000, allocated=1,000,000, pd_cap_slack=0.0000
2026-03-09 23:46:20.507 | INFO     | src.optimization.cuopt_adapter:solve_portfolio_cuopt_native:162 - Portfolio solved (cuopt_native): obj=18,938.42, funded=149/150000, allocated=1,000,000, pd_cap_slack=0.0000
2026-03-09 23:46:21.537 | INFO     | src.optimization.cuopt_adapter:solve_portfolio_cuopt_native:162 - Portfolio solved (cuopt_native): obj=99,838.43, funded=223/150000, allocated=1,000,000, pd_cap_slack=0.0000
2026-03-09 23:46:22.548 | INFO     | src.optimization.cuopt_adapter:solve_portfolio_cuopt_native:162 - Portfolio solved (cuopt_native): obj=82,798.15, funded=229/150000, allocated=1,000,000, pd_cap_slack=0.0000
2026-03-09 23:46:23.562 | INFO     | src.optimization.cuopt_adapter:solve_portfolio_cuopt_native:162 - Portfolio solved (cuopt_native): obj=65,977.15, funded=226/150000, allocated=1,000,000, pd_cap_slack=0.0000
2026-03-09 23:46:24.584 | INFO     | src.optimization.cuopt_adapter:solve_portfolio_cuopt_native:162 - Portfolio solved (cuopt_native): obj=49,017.71, funded=154/150000, allocated=1,000,000, pd_cap_slack=0.0000
2026-03-09 23:46:25.576 | INFO     | src.optimization.cuopt_adapter:solve_portfolio_cuopt_native:162 - Portfolio solved (cuopt_native): obj=41,302.38, funded=145/150000, allocated=1,000,000, pd_cap_slack=0.0000
2026-03-09 23:46:26.581 | INFO     | src.optimization.cuopt_adapter:solve_portfolio_cuopt_native:162 - Portfolio solved (cuopt_native): obj=33,798.08, funded=144/150000, allocated=1,000,000, pd_cap_slack=0.0000
2026-03-09 23:46:27.607 | INFO     | src.optimization.cuopt_adapter:solve_portfolio_cuopt_native:162 - Portfolio solved (cuopt_native): obj=18,938.42, funded=147/150000, allocated=1,000,000, pd_cap_slack=0.0000
2026-03-09 23:46:28.615 | INFO     | src.optimization.cuopt_adapter:solve_portfolio_cuopt_native:162 - Portfolio solved (cuopt_native): obj=86,738.80, funded=207/150000, allocated=1,000,000, pd_cap_slack=0.0000
2026-03-09 23:46:29.640 | INFO     | src.optimization.cuopt_adapter:solve_portfolio_cuopt_native:162 - Portfolio solved (cuopt_native): obj=75,060.06, funded=208/150000, allocated=1,000,000, pd_cap_slack=0.0000
2026-03-09 23:46:30.646 | INFO     | src.optimization.cuopt_adapter:solve_portfolio_cuopt_native:162 - Portfolio solved (cuopt_native): obj=63,529.07, funded=206/150000, allocated=1,000,000, pd_cap_slack=0.0000
2026-03-09 23:46:31.651 | INFO     | src.optimization.cuopt_adapter:solve_portfolio_cuopt_native:162 - Portfolio solved (cuopt_native): obj=49,017.71, funded=153/150000, allocated=1,000,000, pd_cap_slack=0.0000
2026-03-09 23:46:32.657 | INFO     | src.optimization.cuopt_adapter:solve_portfolio_cuopt_native:162 - Portfolio solved (cuopt_native): obj=41,302.38, funded=146/150000, allocated=1,000,000, pd_cap_slack=0.0000
2026-03-09 23:46:33.676 | INFO     | src.optimization.cuopt_adapter:solve_portfolio_cuopt_native:162 - Portfolio solved (cuopt_native): obj=33,798.08, funded=144/150000, allocated=1,000,000, pd_cap_slack=0.0000
2026-03-09 23:46:34.717 | INFO     | src.optimization.cuopt_adapter:solve_portfolio_cuopt_native:162 - Portfolio solved (cuopt_native): obj=18,938.42, funded=147/150000, allocated=1,000,000, pd_cap_slack=0.0000
2026-03-09 23:46:35.705 | INFO     | src.optimization.cuopt_adapter:solve_portfolio_cuopt_native:162 - Portfolio solved (cuopt_native): obj=79,484.93, funded=188/150000, allocated=1,000,000, pd_cap_slack=0.0000
2026-03-09 23:46:37.382 | INFO     | src.optimization.cuopt_adapter:solve_portfolio_cuopt_native:162 - Portfolio solved (cuopt_native): obj=70,606.31, funded=195/150000, allocated=1,000,000, pd_cap_slack=0.0000
2026-03-09 23:46:38.388 | INFO     | src.optimization.cuopt_adapter:solve_portfolio_cuopt_native:162 - Portfolio solved (cuopt_native): obj=61,791.32, funded=194/150000, allocated=1,000,000, pd_cap_slack=0.0000
2026-03-09 23:46:39.443 | INFO     | src.optimization.cuopt_adapter:solve_portfolio_cuopt_native:162 - Portfolio solved (cuopt_native): obj=49,017.71, funded=155/150000, allocated=1,000,000, pd_cap_slack=0.0000
2026-03-09 23:46:40.504 | INFO     | src.optimization.cuopt_adapter:solve_portfolio_cuopt_native:162 - Portfolio solved (cuopt_native): obj=41,302.38, funded=144/150000, allocated=1,000,000, pd_cap_slack=0.0000
2026-03-09 23:46:41.525 | INFO     | src.optimization.cuopt_adapter:solve_portfolio_cuopt_native:162 - Portfolio solved (cuopt_native): obj=33,798.08, funded=144/150000, allocated=1,000,000, pd_cap_slack=0.0000
2026-03-09 23:46:42.561 | INFO     | src.optimization.cuopt_adapter:solve_portfolio_cuopt_native:162 - Portfolio solved (cuopt_native): obj=18,938.42, funded=147/150000, allocated=1,000,000, pd_cap_slack=0.0000
2026-03-09 23:46:43.516 | INFO     | src.optimization.cuopt_adapter:solve_portfolio_cuopt_native:162 - Portfolio solved (cuopt_native): obj=74,701.88, funded=174/150000, allocated=1,000,000, pd_cap_slack=0.0000
2026-03-09 23:46:44.468 | INFO     | src.optimization.cuopt_adapter:solve_portfolio_cuopt_native:162 - Portfolio solved (cuopt_native): obj=67,547.78, funded=180/150000, allocated=1,000,000, pd_cap_slack=0.0000
2026-03-09 23:46:45.437 | INFO     | src.optimization.cuopt_adapter:solve_portfolio_cuopt_native:162 - Portfolio solved (cuopt_native): obj=60,432.97, funded=183/150000, allocated=1,000,000, pd_cap_slack=0.0000
2026-03-09 23:46:46.402 | INFO     | src.optimization.cuopt_adapter:solve_portfolio_cuopt_native:162 - Portfolio solved (cuopt_native): obj=49,017.71, funded=158/150000, allocated=1,000,000, pd_cap_slack=0.0000
2026-03-09 23:46:47.388 | INFO     | src.optimization.cuopt_adapter:solve_portfolio_cuopt_native:162 - Portfolio solved (cuopt_native): obj=41,302.38, funded=144/150000, allocated=1,000,000, pd_cap_slack=0.0000
2026-03-09 23:46:48.380 | INFO     | src.optimization.cuopt_adapter:solve_portfolio_cuopt_native:162 - Portfolio solved (cuopt_native): obj=33,798.08, funded=144/150000, allocated=1,000,000, pd_cap_slack=0.0000
2026-03-09 23:46:49.382 | INFO     | src.optimization.cuopt_adapter:solve_portfolio_cuopt_native:162 - Portfolio solved (cuopt_native): obj=18,938.42, funded=147/150000, allocated=1,000,000, pd_cap_slack=0.0000
2026-03-09 23:46:50.355 | INFO     | src.optimization.cuopt_adapter:solve_portfolio_cuopt_native:162 - Portfolio solved (cuopt_native): obj=79,538.28, funded=192/150000, allocated=1,000,000, pd_cap_slack=0.0000
2026-03-09 23:46:51.313 | INFO     | src.optimization.cuopt_adapter:solve_portfolio_cuopt_native:162 - Portfolio solved (cuopt_native): obj=79,538.28, funded=195/150000, allocated=1,000,000, pd_cap_slack=0.0000
2026-03-09 23:46:52.271 | INFO     | src.optimization.cuopt_adapter:solve_portfolio_cuopt_native:162 - Portfolio solved (cuopt_native): obj=70,656.85, funded=198/150000, allocated=1,000,000, pd_cap_slack=0.0000
2026-03-09 23:46:53.263 | INFO     | src.optimization.cuopt_adapter:solve_portfolio_cuopt_native:162 - Portfolio solved (cuopt_native): obj=61,823.11, funded=197/150000, allocated=1,000,000, pd_cap_slack=0.0000
2026-03-09 23:46:54.226 | INFO     | src.optimization.cuopt_adapter:solve_portfolio_cuopt_native:162 - Portfolio solved (cuopt_native): obj=49,017.71, funded=155/150000, allocated=1,000,000, pd_cap_slack=0.0000
2026-03-09 23:46:55.196 | INFO     | src.optimization.cuopt_adapter:solve_portfolio_cuopt_native:162 - Portfolio solved (cuopt_native): obj=41,302.38, funded=144/150000, allocated=1,000,000, pd_cap_slack=0.0000
2026-03-09 23:46:56.164 | INFO     | src.optimization.cuopt_adapter:solve_portfolio_cuopt_native:162 - Portfolio solved (cuopt_native): obj=33,798.08, funded=143/150000, allocated=1,000,000, pd_cap_slack=0.0000
2026-03-09 23:46:57.129 | INFO     | src.optimization.cuopt_adapter:solve_portfolio_cuopt_native:162 - Portfolio solved (cuopt_native): obj=18,938.42, funded=147/150000, allocated=1,000,000, pd_cap_slack=0.0000
2026-03-09 23:46:58.172 | INFO     | src.optimization.cuopt_adapter:solve_portfolio_cuopt_native:162 - Portfolio solved (cuopt_native): obj=148,034.67, funded=284/150000, allocated=1,000,000, pd_cap_slack=0.0000
2026-03-09 23:46:59.159 | INFO     | src.optimization.cuopt_adapter:solve_portfolio_cuopt_native:162 - Portfolio solved (cuopt_native): obj=107,597.70, funded=257/150000, allocated=1,000,000, pd_cap_slack=0.0000
2026-03-09 23:47:00.212 | INFO     | src.optimization.cuopt_adapter:solve_portfolio_cuopt_native:162 - Portfolio solved (cuopt_native): obj=69,948.19, funded=254/150000, allocated=1,000,000, pd_cap_slack=0.0000
2026-03-09 23:47:01.227 | INFO     | src.optimization.cuopt_adapter:solve_portfolio_cuopt_native:162 - Portfolio solved (cuopt_native): obj=49,017.71, funded=155/150000, allocated=1,000,000, pd_cap_slack=0.0000
2026-03-09 23:47:02.230 | INFO     | src.optimization.cuopt_adapter:solve_portfolio_cuopt_native:162 - Portfolio solved (cuopt_native): obj=41,302.38, funded=144/150000, allocated=1,000,000, pd_cap_slack=0.0000
2026-03-09 23:47:03.260 | INFO     | src.optimization.cuopt_adapter:solve_portfolio_cuopt_native:162 - Portfolio solved (cuopt_native): obj=33,798.08, funded=144/150000, allocated=1,000,000, pd_cap_slack=0.0000
2026-03-09 23:47:04.311 | INFO     | src.optimization.cuopt_adapter:solve_portfolio_cuopt_native:162 - Portfolio solved (cuopt_native): obj=18,938.42, funded=147/150000, allocated=1,000,000, pd_cap_slack=0.0000
2026-03-09 23:47:05.310 | INFO     | src.optimization.cuopt_adapter:solve_portfolio_cuopt_native:162 - Portfolio solved (cuopt_native): obj=109,430.12, funded=220/150000, allocated=1,000,000, pd_cap_slack=0.0000
2026-03-09 23:47:06.334 | INFO     | src.optimization.cuopt_adapter:solve_portfolio_cuopt_native:162 - Portfolio solved (cuopt_native): obj=88,252.11, funded=232/150000, allocated=1,000,000, pd_cap_slack=0.0000
2026-03-09 23:47:07.329 | INFO     | src.optimization.cuopt_adapter:solve_portfolio_cuopt_native:162 - Portfolio solved (cuopt_native): obj=67,390.11, funded=230/150000, allocated=1,000,000, pd_cap_slack=0.0000
2026-03-09 23:47:08.414 | INFO     | src.optimization.cuopt_adapter:solve_portfolio_cuopt_native:162 - Portfolio solved (cuopt_native): obj=49,017.71, funded=157/150000, allocated=1,000,000, pd_cap_slack=0.0000
2026-03-09 23:47:10.121 | INFO     | src.optimization.cuopt_adapter:solve_portfolio_cuopt_native:162 - Portfolio solved (cuopt_native): obj=41,302.38, funded=146/150000, allocated=1,000,000, pd_cap_slack=0.0000
2026-03-09 23:47:11.121 | INFO     | src.optimization.cuopt_adapter:solve_portfolio_cuopt_native:162 - Portfolio solved (cuopt_native): obj=33,798.08, funded=144/150000, allocated=1,000,000, pd_cap_slack=0.0000
2026-03-09 23:47:12.106 | INFO     | src.optimization.cuopt_adapter:solve_portfolio_cuopt_native:162 - Portfolio solved (cuopt_native): obj=18,938.42, funded=148/150000, allocated=1,000,000, pd_cap_slack=0.0000
2026-03-09 23:47:13.135 | INFO     | src.optimization.cuopt_adapter:solve_portfolio_cuopt_native:162 - Portfolio solved (cuopt_native): obj=93,790.54, funded=213/150000, allocated=1,000,000, pd_cap_slack=0.0000
2026-03-09 23:47:14.166 | INFO     | src.optimization.cuopt_adapter:solve_portfolio_cuopt_native:162 - Portfolio solved (cuopt_native): obj=79,306.42, funded=214/150000, allocated=1,000,000, pd_cap_slack=0.0000
2026-03-09 23:47:15.187 | INFO     | src.optimization.cuopt_adapter:solve_portfolio_cuopt_native:162 - Portfolio solved (cuopt_native): obj=64,979.46, funded=215/150000, allocated=1,000,000, pd_cap_slack=0.0000
2026-03-09 23:47:16.210 | INFO     | src.optimization.cuopt_adapter:solve_portfolio_cuopt_native:162 - Portfolio solved (cuopt_native): obj=49,017.71, funded=158/150000, allocated=1,000,000, pd_cap_slack=0.0000
2026-03-09 23:47:17.203 | INFO     | src.optimization.cuopt_adapter:solve_portfolio_cuopt_native:162 - Portfolio solved (cuopt_native): obj=41,302.38, funded=145/150000, allocated=1,000,000, pd_cap_slack=0.0000
2026-03-09 23:47:18.190 | INFO     | src.optimization.cuopt_adapter:solve_portfolio_cuopt_native:162 - Portfolio solved (cuopt_native): obj=33,798.08, funded=143/150000, allocated=1,000,000, pd_cap_slack=0.0000
2026-03-09 23:47:19.200 | INFO     | src.optimization.cuopt_adapter:solve_portfolio_cuopt_native:162 - Portfolio solved (cuopt_native): obj=18,938.42, funded=147/150000, allocated=1,000,000, pd_cap_slack=0.0000
2026-03-09 23:47:20.194 | INFO     | src.optimization.cuopt_adapter:solve_portfolio_cuopt_native:162 - Portfolio solved (cuopt_native): obj=85,107.57, funded=206/150000, allocated=1,000,000, pd_cap_slack=0.0000
2026-03-09 23:47:21.166 | INFO     | src.optimization.cuopt_adapter:solve_portfolio_cuopt_native:162 - Portfolio solved (cuopt_native): obj=74,110.90, funded=200/150000, allocated=1,000,000, pd_cap_slack=0.0000
2026-03-09 23:47:22.127 | INFO     | src.optimization.cuopt_adapter:solve_portfolio_cuopt_native:162 - Portfolio solved (cuopt_native): obj=63,173.97, funded=201/150000, allocated=1,000,000, pd_cap_slack=0.0000
2026-03-09 23:47:23.133 | INFO     | src.optimization.cuopt_adapter:solve_portfolio_cuopt_native:162 - Portfolio solved (cuopt_native): obj=49,017.71, funded=155/150000, allocated=1,000,000, pd_cap_slack=0.0000
2026-03-09 23:47:24.106 | INFO     | src.optimization.cuopt_adapter:solve_portfolio_cuopt_native:162 - Portfolio solved (cuopt_native): obj=41,302.38, funded=144/150000, allocated=1,000,000, pd_cap_slack=0.0000
2026-03-09 23:47:25.065 | INFO     | src.optimization.cuopt_adapter:solve_portfolio_cuopt_native:162 - Portfolio solved (cuopt_native): obj=33,798.08, funded=143/150000, allocated=1,000,000, pd_cap_slack=0.0000
2026-03-09 23:47:26.072 | INFO     | src.optimization.cuopt_adapter:solve_portfolio_cuopt_native:162 - Portfolio solved (cuopt_native): obj=18,938.42, funded=147/150000, allocated=1,000,000, pd_cap_slack=0.0000
2026-03-09 23:47:27.065 | INFO     | src.optimization.cuopt_adapter:solve_portfolio_cuopt_native:162 - Portfolio solved (cuopt_native): obj=79,538.28, funded=195/150000, allocated=1,000,000, pd_cap_slack=0.0000
2026-03-09 23:47:28.050 | INFO     | src.optimization.cuopt_adapter:solve_portfolio_cuopt_native:162 - Portfolio solved (cuopt_native): obj=70,656.85, funded=198/150000, allocated=1,000,000, pd_cap_slack=0.0000
2026-03-09 23:47:29.010 | INFO     | src.optimization.cuopt_adapter:solve_portfolio_cuopt_native:162 - Portfolio solved (cuopt_native): obj=61,823.11, funded=197/150000, allocated=1,000,000, pd_cap_slack=0.0000
2026-03-09 23:47:29.964 | INFO     | src.optimization.cuopt_adapter:solve_portfolio_cuopt_native:162 - Portfolio solved (cuopt_native): obj=49,017.71, funded=155/150000, allocated=1,000,000, pd_cap_slack=0.0000
2026-03-09 23:47:30.919 | INFO     | src.optimization.cuopt_adapter:solve_portfolio_cuopt_native:162 - Portfolio solved (cuopt_native): obj=41,302.38, funded=144/150000, allocated=1,000,000, pd_cap_slack=0.0000
2026-03-09 23:47:31.910 | INFO     | src.optimization.cuopt_adapter:solve_portfolio_cuopt_native:162 - Portfolio solved (cuopt_native): obj=33,798.08, funded=143/150000, allocated=1,000,000, pd_cap_slack=0.0000
2026-03-09 23:47:32.888 | INFO     | src.optimization.cuopt_adapter:solve_portfolio_cuopt_native:162 - Portfolio solved (cuopt_native): obj=18,938.42, funded=147/150000, allocated=1,000,000, pd_cap_slack=0.0000
2026-03-09 23:47:33.829 | INFO     | src.optimization.cuopt_adapter:solve_portfolio_cuopt_native:162 - Portfolio solved (cuopt_native): obj=84,123.02, funded=203/150000, allocated=1,000,000, pd_cap_slack=0.0000
2026-03-09 23:47:34.772 | INFO     | src.optimization.cuopt_adapter:solve_portfolio_cuopt_native:162 - Portfolio solved (cuopt_native): obj=84,123.02, funded=204/150000, allocated=1,000,000, pd_cap_slack=0.0000
2026-03-09 23:47:35.764 | INFO     | src.optimization.cuopt_adapter:solve_portfolio_cuopt_native:162 - Portfolio solved (cuopt_native): obj=73,519.13, funded=201/150000, allocated=1,000,000, pd_cap_slack=0.0000
2026-03-09 23:47:36.735 | INFO     | src.optimization.cuopt_adapter:solve_portfolio_cuopt_native:162 - Portfolio solved (cuopt_native): obj=62,950.92, funded=204/150000, allocated=1,000,000, pd_cap_slack=0.0000
2026-03-09 23:47:37.700 | INFO     | src.optimization.cuopt_adapter:solve_portfolio_cuopt_native:162 - Portfolio solved (cuopt_native): obj=49,017.71, funded=154/150000, allocated=1,000,000, pd_cap_slack=0.0000
2026-03-09 23:47:38.689 | INFO     | src.optimization.cuopt_adapter:solve_portfolio_cuopt_native:162 - Portfolio solved (cuopt_native): obj=41,302.38, funded=145/150000, allocated=1,000,000, pd_cap_slack=0.0000
2026-03-09 23:47:39.639 | INFO     | src.optimization.cuopt_adapter:solve_portfolio_cuopt_native:162 - Portfolio solved (cuopt_native): obj=33,798.08, funded=144/150000, allocated=1,000,000, pd_cap_slack=0.0000
2026-03-09 23:47:40.626 | INFO     | src.optimization.cuopt_adapter:solve_portfolio_cuopt_native:162 - Portfolio solved (cuopt_native): obj=18,938.42, funded=147/150000, allocated=1,000,000, pd_cap_slack=0.0000
2026-03-09 23:47:42.398 | INFO     | src.optimization.cuopt_adapter:solve_portfolio_cuopt_native:162 - Portfolio solved (cuopt_native): obj=161,547.42, funded=289/150000, allocated=1,000,000, pd_cap_slack=0.0000
2026-03-09 23:47:43.433 | INFO     | src.optimization.cuopt_adapter:solve_portfolio_cuopt_native:162 - Portfolio solved (cuopt_native): obj=114,368.93, funded=247/150000, allocated=1,000,000, pd_cap_slack=0.0000
2026-03-09 23:47:44.463 | INFO     | src.optimization.cuopt_adapter:solve_portfolio_cuopt_native:162 - Portfolio solved (cuopt_native): obj=70,032.79, funded=255/150000, allocated=1,000,000, pd_cap_slack=0.0000
2026-03-09 23:47:45.502 | INFO     | src.optimization.cuopt_adapter:solve_portfolio_cuopt_native:162 - Portfolio solved (cuopt_native): obj=49,017.71, funded=156/150000, allocated=1,000,000, pd_cap_slack=0.0000
2026-03-09 23:47:46.515 | INFO     | src.optimization.cuopt_adapter:solve_portfolio_cuopt_native:162 - Portfolio solved (cuopt_native): obj=41,302.38, funded=146/150000, allocated=1,000,000, pd_cap_slack=0.0000
2026-03-09 23:47:47.505 | INFO     | src.optimization.cuopt_adapter:solve_portfolio_cuopt_native:162 - Portfolio solved (cuopt_native): obj=33,798.08, funded=143/150000, allocated=1,000,000, pd_cap_slack=0.0000
2026-03-09 23:47:48.511 | INFO     | src.optimization.cuopt_adapter:solve_portfolio_cuopt_native:162 - Portfolio solved (cuopt_native): obj=18,938.42, funded=147/150000, allocated=1,000,000, pd_cap_slack=0.0000
2026-03-09 23:47:49.537 | INFO     | src.optimization.cuopt_adapter:solve_portfolio_cuopt_native:162 - Portfolio solved (cuopt_native): obj=118,579.55, funded=228/150000, allocated=1,000,000, pd_cap_slack=0.0000
2026-03-09 23:47:50.541 | INFO     | src.optimization.cuopt_adapter:solve_portfolio_cuopt_native:162 - Portfolio solved (cuopt_native): obj=93,303.46, funded=238/150000, allocated=1,000,000, pd_cap_slack=0.0000
2026-03-09 23:47:51.547 | INFO     | src.optimization.cuopt_adapter:solve_portfolio_cuopt_native:162 - Portfolio solved (cuopt_native): obj=68,553.21, funded=241/150000, allocated=1,000,000, pd_cap_slack=0.0000
2026-03-09 23:47:52.536 | INFO     | src.optimization.cuopt_adapter:solve_portfolio_cuopt_native:162 - Portfolio solved (cuopt_native): obj=49,017.71, funded=156/150000, allocated=1,000,000, pd_cap_slack=0.0000
2026-03-09 23:47:53.561 | INFO     | src.optimization.cuopt_adapter:solve_portfolio_cuopt_native:162 - Portfolio solved (cuopt_native): obj=41,302.38, funded=145/150000, allocated=1,000,000, pd_cap_slack=0.0000
2026-03-09 23:47:54.572 | INFO     | src.optimization.cuopt_adapter:solve_portfolio_cuopt_native:162 - Portfolio solved (cuopt_native): obj=33,798.08, funded=143/150000, allocated=1,000,000, pd_cap_slack=0.0000
2026-03-09 23:47:55.581 | INFO     | src.optimization.cuopt_adapter:solve_portfolio_cuopt_native:162 - Portfolio solved (cuopt_native): obj=18,938.42, funded=148/150000, allocated=1,000,000, pd_cap_slack=0.0000
2026-03-09 23:47:56.594 | INFO     | src.optimization.cuopt_adapter:solve_portfolio_cuopt_native:162 - Portfolio solved (cuopt_native): obj=100,507.17, funded=227/150000, allocated=1,000,000, pd_cap_slack=0.0000
2026-03-09 23:47:57.634 | INFO     | src.optimization.cuopt_adapter:solve_portfolio_cuopt_native:162 - Portfolio solved (cuopt_native): obj=83,269.00, funded=228/150000, allocated=1,000,000, pd_cap_slack=0.0000
2026-03-09 23:47:58.643 | INFO     | src.optimization.cuopt_adapter:solve_portfolio_cuopt_native:162 - Portfolio solved (cuopt_native): obj=66,127.55, funded=230/150000, allocated=1,000,000, pd_cap_slack=0.0000
2026-03-09 23:47:59.657 | INFO     | src.optimization.cuopt_adapter:solve_portfolio_cuopt_native:162 - Portfolio solved (cuopt_native): obj=49,017.71, funded=156/150000, allocated=1,000,000, pd_cap_slack=0.0000
2026-03-09 23:48:00.670 | INFO     | src.optimization.cuopt_adapter:solve_portfolio_cuopt_native:162 - Portfolio solved (cuopt_native): obj=41,302.38, funded=145/150000, allocated=1,000,000, pd_cap_slack=0.0000
2026-03-09 23:48:01.690 | INFO     | src.optimization.cuopt_adapter:solve_portfolio_cuopt_native:162 - Portfolio solved (cuopt_native): obj=33,798.08, funded=143/150000, allocated=1,000,000, pd_cap_slack=0.0000
2026-03-09 23:48:02.707 | INFO     | src.optimization.cuopt_adapter:solve_portfolio_cuopt_native:162 - Portfolio solved (cuopt_native): obj=18,938.42, funded=147/150000, allocated=1,000,000, pd_cap_slack=0.0000
2026-03-09 23:48:03.691 | INFO     | src.optimization.cuopt_adapter:solve_portfolio_cuopt_native:162 - Portfolio solved (cuopt_native): obj=90,533.24, funded=211/150000, allocated=1,000,000, pd_cap_slack=0.0000
2026-03-09 23:48:04.743 | INFO     | src.optimization.cuopt_adapter:solve_portfolio_cuopt_native:162 - Portfolio solved (cuopt_native): obj=77,391.36, funded=207/150000, allocated=1,000,000, pd_cap_slack=0.0000
2026-03-09 23:48:05.737 | INFO     | src.optimization.cuopt_adapter:solve_portfolio_cuopt_native:162 - Portfolio solved (cuopt_native): obj=64,337.81, funded=212/150000, allocated=1,000,000, pd_cap_slack=0.0000
2026-03-09 23:48:06.729 | INFO     | src.optimization.cuopt_adapter:solve_portfolio_cuopt_native:162 - Portfolio solved (cuopt_native): obj=49,017.71, funded=153/150000, allocated=1,000,000, pd_cap_slack=0.0000
2026-03-09 23:48:07.726 | INFO     | src.optimization.cuopt_adapter:solve_portfolio_cuopt_native:162 - Portfolio solved (cuopt_native): obj=41,302.38, funded=146/150000, allocated=1,000,000, pd_cap_slack=0.0000
2026-03-09 23:48:08.693 | INFO     | src.optimization.cuopt_adapter:solve_portfolio_cuopt_native:162 - Portfolio solved (cuopt_native): obj=33,798.08, funded=144/150000, allocated=1,000,000, pd_cap_slack=0.0000
2026-03-09 23:48:09.702 | INFO     | src.optimization.cuopt_adapter:solve_portfolio_cuopt_native:162 - Portfolio solved (cuopt_native): obj=18,938.42, funded=148/150000, allocated=1,000,000, pd_cap_slack=0.0000
2026-03-09 23:48:10.701 | INFO     | src.optimization.cuopt_adapter:solve_portfolio_cuopt_native:162 - Portfolio solved (cuopt_native): obj=84,123.02, funded=204/150000, allocated=1,000,000, pd_cap_slack=0.0000
2026-03-09 23:48:11.674 | INFO     | src.optimization.cuopt_adapter:solve_portfolio_cuopt_native:162 - Portfolio solved (cuopt_native): obj=73,519.13, funded=201/150000, allocated=1,000,000, pd_cap_slack=0.0000
2026-03-09 23:48:12.633 | INFO     | src.optimization.cuopt_adapter:solve_portfolio_cuopt_native:162 - Portfolio solved (cuopt_native): obj=62,950.92, funded=204/150000, allocated=1,000,000, pd_cap_slack=0.0000
2026-03-09 23:48:13.631 | INFO     | src.optimization.cuopt_adapter:solve_portfolio_cuopt_native:162 - Portfolio solved (cuopt_native): obj=49,017.71, funded=154/150000, allocated=1,000,000, pd_cap_slack=0.0000
2026-03-09 23:48:14.591 | INFO     | src.optimization.cuopt_adapter:solve_portfolio_cuopt_native:162 - Portfolio solved (cuopt_native): obj=41,302.38, funded=145/150000, allocated=1,000,000, pd_cap_slack=0.0000
2026-03-09 23:48:16.251 | INFO     | src.optimization.cuopt_adapter:solve_portfolio_cuopt_native:162 - Portfolio solved (cuopt_native): obj=33,798.08, funded=144/150000, allocated=1,000,000, pd_cap_slack=0.0000
2026-03-09 23:48:17.219 | INFO     | src.optimization.cuopt_adapter:solve_portfolio_cuopt_native:162 - Portfolio solved (cuopt_native): obj=18,938.42, funded=147/150000, allocated=1,000,000, pd_cap_slack=0.0000
2026-03-09 23:48:18.190 | INFO     | src.optimization.cuopt_adapter:solve_portfolio_cuopt_native:162 - Portfolio solved (cuopt_native): obj=88,506.59, funded=205/150000, allocated=1,000,000, pd_cap_slack=0.0000
2026-03-09 23:48:19.131 | INFO     | src.optimization.cuopt_adapter:solve_portfolio_cuopt_native:162 - Portfolio solved (cuopt_native): obj=88,506.59, funded=205/150000, allocated=1,000,000, pd_cap_slack=0.0000
2026-03-09 23:48:20.074 | INFO     | src.optimization.cuopt_adapter:solve_portfolio_cuopt_native:162 - Portfolio solved (cuopt_native): obj=76,203.10, funded=211/150000, allocated=1,000,000, pd_cap_slack=0.0000
2026-03-09 23:48:21.008 | INFO     | src.optimization.cuopt_adapter:solve_portfolio_cuopt_native:162 - Portfolio solved (cuopt_native): obj=63,941.46, funded=210/150000, allocated=1,000,000, pd_cap_slack=0.0000
2026-03-09 23:48:21.958 | INFO     | src.optimization.cuopt_adapter:solve_portfolio_cuopt_native:162 - Portfolio solved (cuopt_native): obj=49,017.71, funded=159/150000, allocated=1,000,000, pd_cap_slack=0.0000
2026-03-09 23:48:22.907 | INFO     | src.optimization.cuopt_adapter:solve_portfolio_cuopt_native:162 - Portfolio solved (cuopt_native): obj=41,302.38, funded=144/150000, allocated=1,000,000, pd_cap_slack=0.0000
2026-03-09 23:48:23.895 | INFO     | src.optimization.cuopt_adapter:solve_portfolio_cuopt_native:162 - Portfolio solved (cuopt_native): obj=33,798.08, funded=144/150000, allocated=1,000,000, pd_cap_slack=0.0000
2026-03-09 23:48:24.843 | INFO     | src.optimization.cuopt_adapter:solve_portfolio_cuopt_native:162 - Portfolio solved (cuopt_native): obj=18,938.42, funded=147/150000, allocated=1,000,000, pd_cap_slack=0.0000
2026-03-09 23:48:25.810 | INFO     | src.optimization.cuopt_adapter:solve_portfolio_cuopt_native:162 - Portfolio solved (cuopt_native): obj=174,637.64, funded=292/150000, allocated=1,000,000, pd_cap_slack=0.0000
2026-03-09 23:48:26.787 | INFO     | src.optimization.cuopt_adapter:solve_portfolio_cuopt_native:162 - Portfolio solved (cuopt_native): obj=120,725.34, funded=270/150000, allocated=1,000,000, pd_cap_slack=0.0000
2026-03-09 23:48:27.729 | INFO     | src.optimization.cuopt_adapter:solve_portfolio_cuopt_native:162 - Portfolio solved (cuopt_native): obj=70,032.79, funded=257/150000, allocated=1,000,000, pd_cap_slack=0.0000
2026-03-09 23:48:28.688 | INFO     | src.optimization.cuopt_adapter:solve_portfolio_cuopt_native:162 - Portfolio solved (cuopt_native): obj=49,017.71, funded=156/150000, allocated=1,000,000, pd_cap_slack=0.0000
2026-03-09 23:48:29.629 | INFO     | src.optimization.cuopt_adapter:solve_portfolio_cuopt_native:162 - Portfolio solved (cuopt_native): obj=41,302.38, funded=145/150000, allocated=1,000,000, pd_cap_slack=0.0000
2026-03-09 23:48:30.558 | INFO     | src.optimization.cuopt_adapter:solve_portfolio_cuopt_native:162 - Portfolio solved (cuopt_native): obj=33,798.08, funded=144/150000, allocated=1,000,000, pd_cap_slack=0.0000
2026-03-09 23:48:31.507 | INFO     | src.optimization.cuopt_adapter:solve_portfolio_cuopt_native:162 - Portfolio solved (cuopt_native): obj=18,938.42, funded=147/150000, allocated=1,000,000, pd_cap_slack=0.0000
2026-03-09 23:48:32.483 | INFO     | src.optimization.cuopt_adapter:solve_portfolio_cuopt_native:162 - Portfolio solved (cuopt_native): obj=127,426.12, funded=236/150000, allocated=1,000,000, pd_cap_slack=0.0000
2026-03-09 23:48:33.453 | INFO     | src.optimization.cuopt_adapter:solve_portfolio_cuopt_native:162 - Portfolio solved (cuopt_native): obj=98,016.80, funded=246/150000, allocated=1,000,000, pd_cap_slack=0.0000
2026-03-09 23:48:34.410 | INFO     | src.optimization.cuopt_adapter:solve_portfolio_cuopt_native:162 - Portfolio solved (cuopt_native): obj=69,402.55, funded=253/150000, allocated=1,000,000, pd_cap_slack=0.0000
2026-03-09 23:48:35.376 | INFO     | src.optimization.cuopt_adapter:solve_portfolio_cuopt_native:162 - Portfolio solved (cuopt_native): obj=49,017.71, funded=156/150000, allocated=1,000,000, pd_cap_slack=0.0000
2026-03-09 23:48:36.375 | INFO     | src.optimization.cuopt_adapter:solve_portfolio_cuopt_native:162 - Portfolio solved (cuopt_native): obj=41,302.38, funded=145/150000, allocated=1,000,000, pd_cap_slack=0.0000
2026-03-09 23:48:37.326 | INFO     | src.optimization.cuopt_adapter:solve_portfolio_cuopt_native:162 - Portfolio solved (cuopt_native): obj=33,798.08, funded=144/150000, allocated=1,000,000, pd_cap_slack=0.0000
2026-03-09 23:48:38.289 | INFO     | src.optimization.cuopt_adapter:solve_portfolio_cuopt_native:162 - Portfolio solved (cuopt_native): obj=18,938.42, funded=148/150000, allocated=1,000,000, pd_cap_slack=0.0000
2026-03-09 23:48:39.266 | INFO     | src.optimization.cuopt_adapter:solve_portfolio_cuopt_native:162 - Portfolio solved (cuopt_native): obj=107,085.42, funded=228/150000, allocated=1,000,000, pd_cap_slack=0.0000
2026-03-09 23:48:40.268 | INFO     | src.optimization.cuopt_adapter:solve_portfolio_cuopt_native:162 - Portfolio solved (cuopt_native): obj=87,045.43, funded=225/150000, allocated=1,000,000, pd_cap_slack=0.0000
2026-03-09 23:48:41.215 | INFO     | src.optimization.cuopt_adapter:solve_portfolio_cuopt_native:162 - Portfolio solved (cuopt_native): obj=67,095.60, funded=238/150000, allocated=1,000,000, pd_cap_slack=0.0000
2026-03-09 23:48:42.170 | INFO     | src.optimization.cuopt_adapter:solve_portfolio_cuopt_native:162 - Portfolio solved (cuopt_native): obj=49,017.71, funded=154/150000, allocated=1,000,000, pd_cap_slack=0.0000
2026-03-09 23:48:43.113 | INFO     | src.optimization.cuopt_adapter:solve_portfolio_cuopt_native:162 - Portfolio solved (cuopt_native): obj=41,302.38, funded=143/150000, allocated=1,000,000, pd_cap_slack=0.0000
2026-03-09 23:48:44.039 | INFO     | src.optimization.cuopt_adapter:solve_portfolio_cuopt_native:162 - Portfolio solved (cuopt_native): obj=33,798.08, funded=143/150000, allocated=1,000,000, pd_cap_slack=0.0000
2026-03-09 23:48:44.997 | INFO     | src.optimization.cuopt_adapter:solve_portfolio_cuopt_native:162 - Portfolio solved (cuopt_native): obj=18,938.42, funded=148/150000, allocated=1,000,000, pd_cap_slack=0.0000
2026-03-09 23:48:45.951 | INFO     | src.optimization.cuopt_adapter:solve_portfolio_cuopt_native:162 - Portfolio solved (cuopt_native): obj=95,830.62, funded=217/150000, allocated=1,000,000, pd_cap_slack=0.0000
2026-03-09 23:48:46.907 | INFO     | src.optimization.cuopt_adapter:solve_portfolio_cuopt_native:162 - Portfolio solved (cuopt_native): obj=80,566.17, funded=217/150000, allocated=1,000,000, pd_cap_slack=0.0000
2026-03-09 23:48:48.558 | INFO     | src.optimization.cuopt_adapter:solve_portfolio_cuopt_native:162 - Portfolio solved (cuopt_native): obj=65,376.25, funded=222/150000, allocated=1,000,000, pd_cap_slack=0.0000
2026-03-09 23:48:49.541 | INFO     | src.optimization.cuopt_adapter:solve_portfolio_cuopt_native:162 - Portfolio solved (cuopt_native): obj=49,017.71, funded=154/150000, allocated=1,000,000, pd_cap_slack=0.0000
2026-03-09 23:48:50.507 | INFO     | src.optimization.cuopt_adapter:solve_portfolio_cuopt_native:162 - Portfolio solved (cuopt_native): obj=41,302.38, funded=144/150000, allocated=1,000,000, pd_cap_slack=0.0000
2026-03-09 23:48:51.466 | INFO     | src.optimization.cuopt_adapter:solve_portfolio_cuopt_native:162 - Portfolio solved (cuopt_native): obj=33,798.08, funded=143/150000, allocated=1,000,000, pd_cap_slack=0.0000
2026-03-09 23:48:52.439 | INFO     | src.optimization.cuopt_adapter:solve_portfolio_cuopt_native:162 - Portfolio solved (cuopt_native): obj=18,938.42, funded=148/150000, allocated=1,000,000, pd_cap_slack=0.0000
2026-03-09 23:48:53.356 | INFO     | src.optimization.cuopt_adapter:solve_portfolio_cuopt_native:162 - Portfolio solved (cuopt_native): obj=88,506.59, funded=205/150000, allocated=1,000,000, pd_cap_slack=0.0000
2026-03-09 23:48:54.273 | INFO     | src.optimization.cuopt_adapter:solve_portfolio_cuopt_native:162 - Portfolio solved (cuopt_native): obj=76,203.10, funded=211/150000, allocated=1,000,000, pd_cap_slack=0.0000
2026-03-09 23:48:55.191 | INFO     | src.optimization.cuopt_adapter:solve_portfolio_cuopt_native:162 - Portfolio solved (cuopt_native): obj=63,941.46, funded=210/150000, allocated=1,000,000, pd_cap_slack=0.0000
2026-03-09 23:48:56.104 | INFO     | src.optimization.cuopt_adapter:solve_portfolio_cuopt_native:162 - Portfolio solved (cuopt_native): obj=49,017.71, funded=159/150000, allocated=1,000,000, pd_cap_slack=0.0000
2026-03-09 23:48:57.054 | INFO     | src.optimization.cuopt_adapter:solve_portfolio_cuopt_native:162 - Portfolio solved (cuopt_native): obj=41,302.38, funded=144/150000, allocated=1,000,000, pd_cap_slack=0.0000
2026-03-09 23:48:58.052 | INFO     | src.optimization.cuopt_adapter:solve_portfolio_cuopt_native:162 - Portfolio solved (cuopt_native): obj=33,798.08, funded=144/150000, allocated=1,000,000, pd_cap_slack=0.0000
2026-03-09 23:48:58.961 | INFO     | src.optimization.cuopt_adapter:solve_portfolio_cuopt_native:162 - Portfolio solved (cuopt_native): obj=18,938.42, funded=147/150000, allocated=1,000,000, pd_cap_slack=0.0000
2026-03-09 23:48:58.992 | INFO     | __main__:main:568 - Saved robustness frontier: reports/gpu_replay/2026-03-09-official-gpu-replay-rapids-final/artifacts/data/processed/portfolio_robustness_frontier.parquet (258 rows)
2026-03-09 23:48:58.992 | INFO     | __main__:main:569 - Saved robustness summary: reports/gpu_replay/2026-03-09-official-gpu-replay-rapids-final/artifacts/data/processed/portfolio_robustness_summary.parquet (6 rows)
2026-03-09 23:48:58.992 | INFO     | __main__:main:570 - Saved champion portfolio policy: reports/gpu_replay/2026-03-09-official-gpu-replay-rapids-final/artifacts/models/champion_portfolio_policy.json
2026-03-09 23:48:58.992 | INFO     | __main__:main:571 - Best robust policy per risk tolerance:
2026-03-09 23:48:59.002 | INFO     | __main__:main:572 - 
   risk_tolerance  baseline_nonrobust_return  ...  ab_pass  selected_for_champion
0            0.05               66956.039388  ...     True                  False
1            0.06               69660.993190  ...     True                  False
2            0.08               74701.881503  ...     True                  False
3            0.10               79538.279677  ...     True                  False
4            0.12               84123.016259  ...     True                  False
5            0.14               88506.589910  ...     True                   True

[6 rows x 19 columns]
